Archive member included to satisfy reference by file (symbol)

../../../libdaisy/build/libdaisy.a(daisy_pod.o)
                              build/scrubby.o (daisy::DaisyPod::StartAudio(void (*)(float*, float*, unsigned int)))
../../../libdaisy/build/libdaisy.a(per_adc.o)
                              ../../../libdaisy/build/libdaisy.a(daisy_pod.o) (daisy::AdcChannelConfig::InitSingle(dsy_gpio_pin))
../../../libdaisy/build/libdaisy.a(hid_audio.o)
                              ../../../libdaisy/build/libdaisy.a(daisy_pod.o) (dsy_audio_set_callback)
../../../libdaisy/build/libdaisy.a(per_sai.o)
                              ../../../libdaisy/build/libdaisy.a(hid_audio.o) (hsai_BlockA1)
../../../libdaisy/build/libdaisy.a(per_gpio.o)
                              ../../../libdaisy/build/libdaisy.a(per_adc.o) (dsy_gpio_init)
../../../libdaisy/build/libdaisy.a(per_tim.o)
                              ../../../libdaisy/build/libdaisy.a(daisy_pod.o) (dsy_tim_start)
../../../libdaisy/build/libdaisy.a(hid_ctrl.o)
                              ../../../libdaisy/build/libdaisy.a(daisy_pod.o) (daisy::AnalogControl::Init(unsigned short*, float, bool, bool, float))
../../../libdaisy/build/libdaisy.a(hid_encoder.o)
                              ../../../libdaisy/build/libdaisy.a(daisy_pod.o) (daisy::Encoder::Init(dsy_gpio_pin, dsy_gpio_pin, dsy_gpio_pin, float))
../../../libdaisy/build/libdaisy.a(hid_rgb_led.o)
                              ../../../libdaisy/build/libdaisy.a(daisy_pod.o) (daisy::RgbLed::Init(dsy_gpio_pin, dsy_gpio_pin, dsy_gpio_pin, bool))
../../../libdaisy/build/libdaisy.a(hid_switch.o)
                              ../../../libdaisy/build/libdaisy.a(daisy_pod.o) (daisy::Switch::Init(dsy_gpio_pin, float))
../../../libdaisy/build/libdaisy.a(util_hal_map.o)
                              ../../../libdaisy/build/libdaisy.a(per_sai.o) (dsy_hal_map_get_port)
../../../libdaisy/build/libdaisy.a(util_color.o)
                              ../../../libdaisy/build/libdaisy.a(daisy_pod.o) (daisy::Color::Init(daisy::Color::PresetColor))
../../../libdaisy/build/libdaisy.a(stm32h7xx_hal_adc.o)
                              ../../../libdaisy/build/libdaisy.a(per_adc.o) (HAL_ADC_ConfigChannel)
../../../libdaisy/build/libdaisy.a(stm32h7xx_hal_adc_ex.o)
                              ../../../libdaisy/build/libdaisy.a(per_adc.o) (HAL_ADCEx_Calibration_Start)
../../../libdaisy/build/libdaisy.a(stm32h7xx_hal_sai.o)
                              ../../../libdaisy/build/libdaisy.a(per_sai.o) (HAL_SAI_InitProtocol)
../../../libdaisy/build/libdaisy.a(stm32h7xx_hal_tim.o)
                              ../../../libdaisy/build/libdaisy.a(per_tim.o) (HAL_TIM_Base_Init)
../../../libdaisy/build/libdaisy.a(stm32h7xx_hal_tim_ex.o)
                              ../../../libdaisy/build/libdaisy.a(stm32h7xx_hal_tim.o) (TIMEx_DMACommutationCplt)
../../../libdaisy/build/libdaisy.a(stm32h7xx_hal_rcc.o)
                              ../../../libdaisy/build/libdaisy.a(stm32h7xx_hal_adc.o) (HAL_RCC_GetHCLKFreq)
../../../libdaisy/build/libdaisy.a(stm32h7xx_hal_rcc_ex.o)
                              ../../../libdaisy/build/libdaisy.a(stm32h7xx_hal_adc.o) (HAL_RCCEx_GetPeriphCLKFreq)
../../../libdaisy/build/libdaisy.a(stm32h7xx_hal_gpio.o)
                              ../../../libdaisy/build/libdaisy.a(hid_audio.o) (HAL_GPIO_Init)
../../../libdaisy/build/libdaisy.a(stm32h7xx_hal_dma.o)
                              ../../../libdaisy/build/libdaisy.a(per_adc.o) (HAL_DMA_Init)
../../../libdaisy/build/libdaisy.a(stm32h7xx_hal.o)
                              ../../../libdaisy/build/libdaisy.a(stm32h7xx_hal_rcc.o) (HAL_InitTick)
../../../libdaisy/build/libdaisy.a(daisy_seed.o)
                              ../../../libdaisy/build/libdaisy.a(daisy_pod.o) (daisy::DaisySeed::Configure())
../../../libdaisy/build/libdaisy.a(dev_codec_ak4556.o)
                              ../../../libdaisy/build/libdaisy.a(hid_audio.o) (codec_ak4556_init)
../../../libdaisy/build/libdaisy.a(per_qspi.o)
                              ../../../libdaisy/build/libdaisy.a(daisy_seed.o) (dsy_qspi_init)
../../../libdaisy/build/libdaisy.a(dev_sdram.o)
                              ../../../libdaisy/build/libdaisy.a(daisy_seed.o) (dsy_sdram_init)
../../../libdaisy/build/libdaisy.a(sys_system.o)
                              ../../../libdaisy/build/libdaisy.a(daisy_seed.o) (dsy_system_init)
../../../libdaisy/build/libdaisy.a(per_i2c.o)
                              ../../../libdaisy/build/libdaisy.a(sys_system.o) (dsy_i2c_global_init)
../../../libdaisy/build/libdaisy.a(hid_led.o)
                              ../../../libdaisy/build/libdaisy.a(hid_rgb_led.o) (daisy::Led::Init(dsy_gpio_pin, bool, float))
../../../libdaisy/build/libdaisy.a(sys_dma.o)
                              ../../../libdaisy/build/libdaisy.a(sys_system.o) (dsy_dma_init)
../../../libdaisy/build/libdaisy.a(stm32h7xx_hal_cortex.o)
[...]
Memory Configuration

Name             Origin             Length             Attributes
FLASH            0x0000000008000000 0x0000000000020000 xr
DTCMRAM          0x0000000020000000 0x0000000000020000 xrw
SRAM             0x0000000024000000 0x0000000000080000 xrw
RAM_D2           0x0000000030000000 0x0000000000048000 xrw
RAM_D3           0x0000000038000000 0x0000000000010000 xrw
ITCMRAM          0x0000000000000000 0x0000000000010000 xrw
SDRAM            0x00000000c0000000 0x0000000004000000 xrw
QSPIFLASH        0x0000000090000000 0x0000000000800000 xr
*default*        0x0000000000000000 0xffffffffffffffff

Linker script and memory map

LOAD /usr/local/Cellar/arm-none-eabi-gcc/9-2019-q4-major/gcc/bin/../lib/gcc/arm-none-eabi/9.2.1/thumb/v7e-m+dp/hard/crti.o
LOAD /usr/local/Cellar/arm-none-eabi-gcc/9-2019-q4-major/gcc/bin/../lib/gcc/arm-none-eabi/9.2.1/thumb/v7e-m+dp/hard/crtbegin.o
LOAD /usr/local/Cellar/arm-none-eabi-gcc/9-2019-q4-major/gcc/bin/../lib/gcc/arm-none-eabi/9.2.1/../../../../arm-none-eabi/lib/thumb/v7e-m+dp/hard/crt0.o
LOAD build/system_stm32h7xx.o
LOAD build/scrubby.o
LOAD build/pan.o
LOAD build/buffer.o
LOAD build/voice.o
LOAD build/startup_stm32h750xx.o
LOAD ../../../libdaisy/build/libdaisy.a
LOAD /usr/local/Cellar/arm-none-eabi-gcc/9-2019-q4-major/gcc/bin/../lib/gcc/arm-none-eabi/9.2.1/../../../../arm-none-eabi/lib/thumb/v7e-m+dp/hard/libnosys.a
LOAD ../../../DaisySP/build/libdaisysp.a
LOAD /usr/local/Cellar/arm-none-eabi-gcc/9-2019-q4-major/gcc/bin/../lib/gcc/arm-none-eabi/9.2.1/../../../../arm-none-eabi/lib/thumb/v7e-m+dp/hard/libstdc++_nano.a
LOAD /usr/local/Cellar/arm-none-eabi-gcc/9-2019-q4-major/gcc/bin/../lib/gcc/arm-none-eabi/9.2.1/../../../../arm-none-eabi/lib/thumb/v7e-m+dp/hard/libm.a
LOAD /usr/local/Cellar/arm-none-eabi-gcc/9-2019-q4-major/gcc/bin/../lib/gcc/arm-none-eabi/9.2.1/../../../../arm-none-eabi/lib/thumb/v7e-m+dp/hard/libc_nano.a
START GROUP
LOAD /usr/local/Cellar/arm-none-eabi-gcc/9-2019-q4-major/gcc/bin/../lib/gcc/arm-none-eabi/9.2.1/thumb/v7e-m+dp/hard/libgcc.a
LOAD /usr/local/Cellar/arm-none-eabi-gcc/9-2019-q4-major/gcc/bin/../lib/gcc/arm-none-eabi/9.2.1/../../../../arm-none-eabi/lib/thumb/v7e-m+dp/hard/libc_nano.a
END GROUP
START GROUP
LOAD /usr/local/Cellar/arm-none-eabi-gcc/9-2019-q4-major/gcc/bin/../lib/gcc/arm-none-eabi/9.2.1/thumb/v7e-m+dp/hard/libgcc.a
LOAD /usr/local/Cellar/arm-none-eabi-gcc/9-2019-q4-major/gcc/bin/../lib/gcc/arm-none-eabi/9.2.1/../../../../arm-none-eabi/lib/thumb/v7e-m+dp/hard/libc_nano.a
LOAD /usr/local/Cellar/arm-none-eabi-gcc/9-2019-q4-major/gcc/bin/../lib/gcc/arm-none-eabi/9.2.1/../../../../arm-none-eabi/lib/thumb/v7e-m+dp/hard/libnosys.a
END GROUP
START GROUP
LOAD /usr/local/Cellar/arm-none-eabi-gcc/9-2019-q4-major/gcc/bin/../lib/gcc/arm-none-eabi/9.2.1/thumb/v7e-m+dp/hard/libgcc.a
LOAD /usr/local/Cellar/arm-none-eabi-gcc/9-2019-q4-major/gcc/bin/../lib/gcc/arm-none-eabi/9.2.1/../../../../arm-none-eabi/lib/thumb/v7e-m+dp/hard/libc_nano.a
LOAD /usr/local/Cellar/arm-none-eabi-gcc/9-2019-q4-major/gcc/bin/../lib/gcc/arm-none-eabi/9.2.1/../../../../arm-none-eabi/lib/thumb/v7e-m+dp/hard/libnosys.a
END GROUP
LOAD /usr/local/Cellar/arm-none-eabi-gcc/9-2019-q4-major/gcc/bin/../lib/gcc/arm-none-eabi/9.2.1/thumb/v7e-m+dp/hard/crtend.o
LOAD /usr/local/Cellar/arm-none-eabi-gcc/9-2019-q4-major/gcc/bin/../lib/gcc/arm-none-eabi/9.2.1/thumb/v7e-m+dp/hard/crtn.o
                0x0000000020020000                _estack = 0x20020000

.isr_vector     0x0000000008000000      0x298
                0x0000000008000000                . = ALIGN (0x4)
 *(.isr_vector)
 .isr_vector    0x0000000008000000      0x298 build/startup_stm32h750xx.o
                0x0000000008000000                g_pfnVectors
                0x0000000008000298                . = ALIGN (0x4)

.eh_frame       0x0000000008000298        0x0
 .eh_frame      0x0000000008000298        0x0 /usr/local/Cellar/arm-none-eabi-gcc/9-2019-q4-major/gcc/bin/../lib/gcc/arm-none-eabi/9.2.1/thumb/v7e-m+dp/hard/crtbegin.o

.text           0x0000000008000298     0xaf10
                0x0000000008000298                . = ALIGN (0x4)
                0x0000000008000298                _stext = .
 *(.text)
 .text          0x0000000008000298       0x40 /usr/local/Cellar/arm-none-eabi-gcc/9-2019-q4-major/gcc/bin/../lib/gcc/arm-none-eabi/9.2.1/thumb/v7e-m+dp/hard/crtbegin.o
 .text          0x00000000080002d8      0x378 /usr/local/Cellar/arm-none-eabi-gcc/9-2019-q4-major/gcc/bin/../lib/gcc/arm-none-eabi/9.2.1/thumb/v7e-m+dp/hard/libgcc.a(_arm_addsubdf3.o)
                0x00000000080002d8                __aeabi_drsub
                0x00000000080002e0                __subdf3
                0x00000000080002e0                __aeabi_dsub
                0x00000000080002e4                __aeabi_dadd
                0x00000000080002e4                __adddf3
                0x000000000800055c                __aeabi_ui2d
                0x000000000800055c                __floatunsidf
                0x000000000800057c                __floatsidf
                0x000000000800057c                __aeabi_i2d
                0x00000000080005a0                __extendsfdf2
                0x00000000080005a0                __aeabi_f2d
                0x00000000080005e4                __aeabi_ul2d
                0x00000000080005e4                __floatundidf
                0x00000000080005f4                __aeabi_l2d
                0x00000000080005f4                __floatdidf
 *(.text*)
 .text.SystemInit
                0x0000000008000650       0x80 build/system_stm32h7xx.o
                0x0000000008000650                SystemInit
 .text._ZN5daisy8DaisyPodD2Ev
                0x00000000080006d0        0x4 build/scrubby.o
                0x00000000080006d0                daisy::DaisyPod::~DaisyPod()
                0x00000000080006d0                daisy::DaisyPod::~DaisyPod()
 .text._ZN7daisysp3PanD2Ev
                0x00000000080006d4        0x4 build/scrubby.o
                0x00000000080006d4                daisysp::Pan::~Pan()
                0x00000000080006d4                daisysp::Pan::~Pan()
 .text._ZN6BufferD2Ev
                0x00000000080006d8        0x4 build/scrubby.o
                0x00000000080006d8                Buffer::~Buffer()
                0x00000000080006d8                Buffer::~Buffer()
 .text.__tcf_0  0x00000000080006dc        0x4 build/scrubby.o
 .text.startup.main
                0x00000000080006e0       0x90 build/scrubby.o
                0x00000000080006e0                main
 .text._Z13UpdateEncoderv
                0x0000000008000770       0xfc build/scrubby.o
                0x0000000008000770                UpdateEncoder()
 .text._Z8Controlsv
                0x000000000800086c      0x108 build/scrubby.o
                0x000000000800086c                Controls()
 .text._ZL13AudioCallbackPfS_j
                0x0000000008000974       0xc4 build/scrubby.o
 .text.startup._GLOBAL__sub_I_buf
                0x0000000008000a38       0x50 build/scrubby.o
 .text._ZN7daisysp3Pan7ProcessEffRfS1_
                0x0000000008000a88       0x8c build/pan.o
                0x0000000008000a88                daisysp::Pan::Process(float, float, float&, float&)
 .text._ZN6Buffer4InitEPfS0_i
                0x0000000008000b14       0x2c build/buffer.o
                0x0000000008000b14                Buffer::Init(float*, float*, int)
 .text._ZN6Buffer9NormalizeEv
                0x0000000008000b40       0x48 build/buffer.o
                0x0000000008000b40                Buffer::Normalize()
 .text._ZN6Buffer5WriteEf
                0x0000000008000b88       0x44 build/buffer.o
                0x0000000008000b88                Buffer::Write(float)
 .text._ZN7daisysp5Voice4InitEii
                0x0000000008000bcc      0x2d0 build/voice.o
                0x0000000008000bcc                daisysp::Voice::Init(int, int)
 .text._ZN7daisysp5Voice16SetTranspositionEf
                0x0000000008000e9c      0x118 build/voice.o
                0x0000000008000e9c                daisysp::Voice::SetTransposition(float)
 .text._ZN7daisysp5Voice10NextSampleER6Buffer
                0x0000000008000fb4      0x3c4 build/voice.o
                0x0000000008000fb4                daisysp::Voice::NextSample(Buffer&)
 .text.Reset_Handler
                0x0000000008001378       0x50 build/startup_stm32h750xx.o
                0x0000000008001378                Reset_Handler
 .text.Default_Handler
                0x00000000080013c8        0x2 build/startup_stm32h750xx.o
                0x00000000080013c8                SAI1_IRQHandler
                0x00000000080013c8                HASH_RNG_IRQHandler
                0x00000000080013c8                EXTI2_IRQHandler
                0x00000000080013c8                TIM8_CC_IRQHandler
                0x00000000080013c8                HRTIM1_Master_IRQHandler
                0x00000000080013c8                DebugMon_Handler
                0x00000000080013c8                UART8_IRQHandler
                0x00000000080013c8                SPI4_IRQHandler
                0x00000000080013c8                TIM1_CC_IRQHandler
                0x00000000080013c8                BDMA_Channel6_IRQHandler
                0x00000000080013c8                DMA2_Stream5_IRQHandler
                0x00000000080013c8                HRTIM1_FLT_IRQHandler
                0x00000000080013c8                JPEG_IRQHandler
                0x00000000080013c8                DMA1_Stream5_IRQHandler
                0x00000000080013c8                BDMA_Channel1_IRQHandler
                0x00000000080013c8                HRTIM1_TIMD_IRQHandler
                0x00000000080013c8                TAMP_STAMP_IRQHandler
                0x00000000080013c8                PendSV_Handler
                0x00000000080013c8                NMI_Handler
                0x00000000080013c8                EXTI3_IRQHandler
                0x00000000080013c8                LPTIM4_IRQHandler
                0x00000000080013c8                TIM8_TRG_COM_TIM14_IRQHandler
                0x00000000080013c8                LPTIM2_IRQHandler
                0x00000000080013c8                DFSDM1_FLT1_IRQHandler
                0x00000000080013c8                DMAMUX2_OVR_IRQHandler
                0x00000000080013c8                TIM8_UP_TIM13_IRQHandler
                0x00000000080013c8                I2C3_ER_IRQHandler
                0x00000000080013c8                DFSDM1_FLT2_IRQHandler
                0x00000000080013c8                MDMA_IRQHandler
                0x00000000080013c8                LPTIM3_IRQHandler
                0x00000000080013c8                HSEM1_IRQHandler
                0x00000000080013c8                EXTI0_IRQHandler
                0x00000000080013c8                FPU_IRQHandler
                0x00000000080013c8                OTG_HS_WKUP_IRQHandler
                0x00000000080013c8                FDCAN1_IT1_IRQHandler
                0x00000000080013c8                UsageFault_Handler
                0x00000000080013c8                LTDC_ER_IRQHandler
                0x00000000080013c8                DMA2_Stream2_IRQHandler
                0x00000000080013c8                HRTIM1_TIME_IRQHandler
                0x00000000080013c8                SPI1_IRQHandler
                0x00000000080013c8                TIM6_DAC_IRQHandler
                0x00000000080013c8                DCMI_IRQHandler
                0x00000000080013c8                HRTIM1_TIMC_IRQHandler
                0x00000000080013c8                DMA2_Stream3_IRQHandler
                0x00000000080013c8                SAI2_IRQHandler
                0x00000000080013c8                DFSDM1_FLT3_IRQHandler
                0x00000000080013c8                USART6_IRQHandler
                0x00000000080013c8                TIM17_IRQHandler
                0x00000000080013c8                USART3_IRQHandler
                0x00000000080013c8                BDMA_Channel7_IRQHandler
                0x00000000080013c8                CRYP_IRQHandler
                0x00000000080013c8                LPTIM5_IRQHandler
                0x00000000080013c8                UART5_IRQHandler
                0x00000000080013c8                ADC3_IRQHandler
                0x00000000080013c8                DMA2_Stream0_IRQHandler
                0x00000000080013c8                TIM4_IRQHandler
                0x00000000080013c8                BDMA_Channel2_IRQHandler
                0x00000000080013c8                DMAMUX1_OVR_IRQHandler
                0x00000000080013c8                TIM16_IRQHandler
                0x00000000080013c8                UART4_IRQHandler
                0x00000000080013c8                BDMA_Channel5_IRQHandler
                0x00000000080013c8                TIM3_IRQHandler
                0x00000000080013c8                RCC_IRQHandler
                0x00000000080013c8                TIM8_BRK_TIM12_IRQHandler
                0x00000000080013c8                TIM1_TRG_COM_IRQHandler
                0x00000000080013c8                Default_Handler
                0x00000000080013c8                ECC_IRQHandler
                0x00000000080013c8                CEC_IRQHandler
                0x00000000080013c8                EXTI15_10_IRQHandler
                0x00000000080013c8                BDMA_Channel0_IRQHandler
                0x00000000080013c8                ADC_IRQHandler
                0x00000000080013c8                DMA1_Stream7_IRQHandler
                0x00000000080013c8                HRTIM1_TIMA_IRQHandler
                0x00000000080013c8                SPI5_IRQHandler
                0x00000000080013c8                TIM7_IRQHandler
                0x00000000080013c8                SDMMC1_IRQHandler
                0x00000000080013c8                TIM5_IRQHandler
                0x00000000080013c8                DMA2_Stream7_IRQHandler
                0x00000000080013c8                TIM15_IRQHandler
                0x00000000080013c8                PVD_AVD_IRQHandler
                0x00000000080013c8                EXTI9_5_IRQHandler
                0x00000000080013c8                RTC_WKUP_IRQHandler
                0x00000000080013c8                LTDC_IRQHandler
                0x00000000080013c8                SAI3_IRQHandler
                0x00000000080013c8                ETH_WKUP_IRQHandler
                0x00000000080013c8                SPDIF_RX_IRQHandler
                0x00000000080013c8                SPI2_IRQHandler
                0x00000000080013c8                OTG_HS_EP1_IN_IRQHandler
                0x00000000080013c8                MemManage_Handler
                0x00000000080013c8                SVC_Handler
                0x00000000080013c8                CRS_IRQHandler
                0x00000000080013c8                EXTI4_IRQHandler
                0x00000000080013c8                HRTIM1_TIMB_IRQHandler
                0x00000000080013c8                FDCAN2_IT1_IRQHandler
                0x00000000080013c8                ETH_IRQHandler
                0x00000000080013c8                TIM1_UP_IRQHandler
                0x00000000080013c8                BDMA_Channel4_IRQHandler
                0x00000000080013c8                OTG_HS_EP1_OUT_IRQHandler
                0x00000000080013c8                WWDG_IRQHandler
                0x00000000080013c8                SPI6_IRQHandler
                0x00000000080013c8                MDIOS_IRQHandler
                0x00000000080013c8                I2C4_EV_IRQHandler
                0x00000000080013c8                FDCAN2_IT0_IRQHandler
                0x00000000080013c8                LPUART1_IRQHandler
                0x00000000080013c8                FDCAN1_IT0_IRQHandler
                0x00000000080013c8                TIM2_IRQHandler
                0x00000000080013c8                OTG_FS_WKUP_IRQHandler
                0x00000000080013c8                OTG_HS_IRQHandler
                0x00000000080013c8                DMA2D_IRQHandler
                0x00000000080013c8                TIM1_BRK_IRQHandler
                0x00000000080013c8                EXTI1_IRQHandler
                0x00000000080013c8                SDMMC2_IRQHandler
                0x00000000080013c8                OTG_FS_EP1_OUT_IRQHandler
                0x00000000080013c8                BDMA_Channel3_IRQHandler
                0x00000000080013c8                UART7_IRQHandler
                0x00000000080013c8                MDIOS_WKUP_IRQHandler
                0x00000000080013c8                USART2_IRQHandler
                0x00000000080013c8                DFSDM1_FLT0_IRQHandler
                0x00000000080013c8                SAI4_IRQHandler
                0x00000000080013c8                I2C2_ER_IRQHandler
                0x00000000080013c8                DMA2_Stream1_IRQHandler
                0x00000000080013c8                FLASH_IRQHandler
                0x00000000080013c8                DMA2_Stream4_IRQHandler
                0x00000000080013c8                BusFault_Handler
                0x00000000080013c8                USART1_IRQHandler
                0x00000000080013c8                OTG_FS_IRQHandler
                0x00000000080013c8                SPI3_IRQHandler
                0x00000000080013c8                WAKEUP_PIN_IRQHandler
                0x00000000080013c8                OTG_FS_EP1_IN_IRQHandler
                0x00000000080013c8                I2C1_ER_IRQHandler
                0x00000000080013c8                FMC_IRQHandler
                0x00000000080013c8                FDCAN_CAL_IRQHandler
                0x00000000080013c8                SWPMI1_IRQHandler
                0x00000000080013c8                COMP1_IRQHandler
                0x00000000080013c8                LPTIM1_IRQHandler
                0x00000000080013c8                I2C4_ER_IRQHandler
                0x00000000080013c8                DMA2_Stream6_IRQHandler
                0x00000000080013c8                RTC_Alarm_IRQHandler
 *fill*         0x00000000080013ca        0x2 
 .text._ZN5daisy8DaisyPod10StartAudioEPFvPfS1_jE
                0x00000000080013cc       0x14 ../../../libdaisy/build/libdaisy.a(daisy_pod.o)
                0x00000000080013cc                daisy::DaisyPod::StartAudio(void (*)(float*, float*, unsigned int))
 .text._ZN5daisy8DaisyPod15AudioSampleRateEv
                0x00000000080013e0        0x8 ../../../libdaisy/build/libdaisy.a(daisy_pod.o)
                0x00000000080013e0                daisy::DaisyPod::AudioSampleRate()
 .text._ZN5daisy8DaisyPod8StartAdcEv
                0x00000000080013e8        0x8 ../../../libdaisy/build/libdaisy.a(daisy_pod.o)
                0x00000000080013e8                daisy::DaisyPod::StartAdc()
 .text._ZN5daisy8DaisyPod20UpdateAnalogControlsEv
                0x00000000080013f0       0x18 ../../../libdaisy/build/libdaisy.a(daisy_pod.o)
                0x00000000080013f0                daisy::DaisyPod::UpdateAnalogControls()
 .text._ZN5daisy8DaisyPod16DebounceControlsEv
                0x0000000008001408       0x20 ../../../libdaisy/build/libdaisy.a(daisy_pod.o)
                0x0000000008001408                daisy::DaisyPod::DebounceControls()
 .text._ZN5daisy8DaisyPod10UpdateLedsEv
                0x0000000008001428       0x18 ../../../libdaisy/build/libdaisy.a(daisy_pod.o)
                0x0000000008001428                daisy::DaisyPod::UpdateLeds()
 .text._ZN5daisy8DaisyPod8InitLedsEv
                0x0000000008001440       0xc4 ../../../libdaisy/build/libdaisy.a(daisy_pod.o)
                0x0000000008001440                daisy::DaisyPod::InitLeds()
 .text._ZN5daisy8DaisyPod9InitKnobsEv
                0x0000000008001504       0x9c ../../../libdaisy/build/libdaisy.a(daisy_pod.o)
                0x0000000008001504                daisy::DaisyPod::InitKnobs()
 .text._ZN5daisy8DaisyPod4InitEv
                0x00000000080015a0       0xdc ../../../libdaisy/build/libdaisy.a(daisy_pod.o)
                0x00000000080015a0                daisy::DaisyPod::Init()
 .text._ZN5daisy16AdcChannelConfig10InitSingleE12dsy_gpio_pin
                0x000000000800167c       0x1c ../../../libdaisy/build/libdaisy.a(per_adc.o)
                0x000000000800167c                daisy::AdcChannelConfig::InitSingle(dsy_gpio_pin)
 .text._ZN5daisy9AdcHandle4InitEPNS_16AdcChannelConfigEjNS0_12OverSamplingE
                0x0000000008001698      0x5e8 ../../../libdaisy/build/libdaisy.a(per_adc.o)
                0x0000000008001698                daisy::AdcHandle::Init(daisy::AdcChannelConfig*, unsigned int, daisy::AdcHandle::OverSampling)
 .text._ZN5daisy9AdcHandle5StartEv
                0x0000000008001c80       0x38 ../../../libdaisy/build/libdaisy.a(per_adc.o)
                0x0000000008001c80                daisy::AdcHandle::Start()
 .text._ZNK5daisy9AdcHandle6GetPtrEh
                0x0000000008001cb8       0x14 ../../../libdaisy/build/libdaisy.a(per_adc.o)
                0x0000000008001cb8                daisy::AdcHandle::GetPtr(unsigned char) const
 .text.HAL_ADC_MspInit
                0x0000000008001ccc       0x8c ../../../libdaisy/build/libdaisy.a(per_adc.o)
                0x0000000008001ccc                HAL_ADC_MspInit
 .text.DMA1_Stream2_IRQHandler
                0x0000000008001d58        0xc ../../../libdaisy/build/libdaisy.a(per_adc.o)
                0x0000000008001d58                DMA1_Stream2_IRQHandler
 .text.HAL_ADC_ConvHalfCpltCallback
                0x0000000008001d64       0xb8 ../../../libdaisy/build/libdaisy.a(per_adc.o)
                0x0000000008001d64                HAL_ADC_ConvHalfCpltCallback
 .text.combined_callback
                0x0000000008001e1c      0x3d4 ../../../libdaisy/build/libdaisy.a(hid_audio.o)
 .text.dsy_audio_passthru
                0x00000000080021f0        0xc ../../../libdaisy/build/libdaisy.a(hid_audio.o)
                0x00000000080021f0                dsy_audio_passthru
 .text.internal_callback
                0x00000000080021fc      0x19c ../../../libdaisy/build/libdaisy.a(hid_audio.o)
 .text.DMA1_Stream0_IRQHandler
                0x0000000008002398        0xc ../../../libdaisy/build/libdaisy.a(hid_audio.o)
                0x0000000008002398                DMA1_Stream0_IRQHandler
 .text.DMA1_Stream1_IRQHandler
                0x00000000080023a4        0xc ../../../libdaisy/build/libdaisy.a(hid_audio.o)
                0x00000000080023a4                DMA1_Stream1_IRQHandler
 .text.DMA1_Stream3_IRQHandler
                0x00000000080023b0        0xc ../../../libdaisy/build/libdaisy.a(hid_audio.o)
                0x00000000080023b0                DMA1_Stream3_IRQHandler
 .text.DMA1_Stream4_IRQHandler
                0x00000000080023bc        0xc ../../../libdaisy/build/libdaisy.a(hid_audio.o)
                0x00000000080023bc                DMA1_Stream4_IRQHandler
 .text.dsy_audio_init
                0x00000000080023c8      0x1bc ../../../libdaisy/build/libdaisy.a(hid_audio.o)
                0x00000000080023c8                dsy_audio_init
 .text.dsy_audio_set_callback
                0x0000000008002584       0x20 ../../../libdaisy/build/libdaisy.a(hid_audio.o)
                0x0000000008002584                dsy_audio_set_callback
 .text.dsy_audio_set_blocksize
                0x00000000080025a4       0x2c ../../../libdaisy/build/libdaisy.a(hid_audio.o)
                0x00000000080025a4                dsy_audio_set_blocksize
 .text.dsy_audio_start
                0x00000000080025d0       0xac ../../../libdaisy/build/libdaisy.a(hid_audio.o)
                0x00000000080025d0                dsy_audio_start
 .text.HAL_SAI_RxHalfCpltCallback
                0x000000000800267c       0x2c ../../../libdaisy/build/libdaisy.a(hid_audio.o)
                0x000000000800267c                HAL_SAI_RxHalfCpltCallback
 .text.HAL_SAI_RxCpltCallback
                0x00000000080026a8       0x3c ../../../libdaisy/build/libdaisy.a(hid_audio.o)
                0x00000000080026a8                HAL_SAI_RxCpltCallback
 .text.dsy_sai2_init
                0x00000000080026e4       0x78 ../../../libdaisy/build/libdaisy.a(per_sai.o)
 .text.dsy_sai_blocks_init.constprop.0
                0x000000000800275c       0xa4 ../../../libdaisy/build/libdaisy.a(per_sai.o)
 .text.dsy_sai_init_from_handle
                0x0000000008002800       0x88 ../../../libdaisy/build/libdaisy.a(per_sai.o)
                0x0000000008002800                dsy_sai_init_from_handle
 .text.HAL_SAI_MspInit
                0x0000000008002888      0x41c ../../../libdaisy/build/libdaisy.a(per_sai.o)
                0x0000000008002888                HAL_SAI_MspInit
 .text.dsy_gpio_init
                0x0000000008002ca4       0x58 ../../../libdaisy/build/libdaisy.a(per_gpio.o)
                0x0000000008002ca4                dsy_gpio_init
 .text.dsy_gpio_read
                0x0000000008002cfc       0x1c ../../../libdaisy/build/libdaisy.a(per_gpio.o)
                0x0000000008002cfc                dsy_gpio_read
 .text.dsy_gpio_write
                0x0000000008002d18       0x24 ../../../libdaisy/build/libdaisy.a(per_gpio.o)
                0x0000000008002d18                dsy_gpio_write
 .text.dsy_tim_init
                0x0000000008002d3c       0x70 ../../../libdaisy/build/libdaisy.a(per_tim.o)
                0x0000000008002d3c                dsy_tim_init
 .text.dsy_tim_start
                0x0000000008002dac        0xc ../../../libdaisy/build/libdaisy.a(per_tim.o)
                0x0000000008002dac                dsy_tim_start
 .text.HAL_TIM_Base_MspInit
                0x0000000008002db8       0x30 ../../../libdaisy/build/libdaisy.a(per_tim.o)
                0x0000000008002db8                HAL_TIM_Base_MspInit
 .text._ZN5daisy13AnalogControl4InitEPtfbbf
                0x0000000008002de8       0x34 ../../../libdaisy/build/libdaisy.a(hid_ctrl.o)
                0x0000000008002de8                daisy::AnalogControl::Init(unsigned short*, float, bool, bool, float)
 .text._ZN5daisy13AnalogControl7ProcessEv
                0x0000000008002e1c       0x48 ../../../libdaisy/build/libdaisy.a(hid_ctrl.o)
                0x0000000008002e1c                daisy::AnalogControl::Process()
 .text._ZN5daisy7Encoder4InitE12dsy_gpio_pinS1_S1_f
                0x0000000008002e64       0x4c ../../../libdaisy/build/libdaisy.a(hid_encoder.o)
                0x0000000008002e64                daisy::Encoder::Init(dsy_gpio_pin, dsy_gpio_pin, dsy_gpio_pin, float)
 .text._ZN5daisy7Encoder8DebounceEv
                0x0000000008002eb0       0x60 ../../../libdaisy/build/libdaisy.a(hid_encoder.o)
                0x0000000008002eb0                daisy::Encoder::Debounce()
 .text._ZN5daisy6RgbLed4InitE12dsy_gpio_pinS1_S1_b
                0x0000000008002f10       0x50 ../../../libdaisy/build/libdaisy.a(hid_rgb_led.o)
                0x0000000008002f10                daisy::RgbLed::Init(dsy_gpio_pin, dsy_gpio_pin, dsy_gpio_pin, bool)
 .text._ZN5daisy6RgbLed3SetEfff
                0x0000000008002f60       0x34 ../../../libdaisy/build/libdaisy.a(hid_rgb_led.o)
                0x0000000008002f60                daisy::RgbLed::Set(float, float, float)
 .text._ZN5daisy6RgbLed8SetColorENS_5ColorE
                0x0000000008002f94       0x2c ../../../libdaisy/build/libdaisy.a(hid_rgb_led.o)
                0x0000000008002f94                daisy::RgbLed::SetColor(daisy::Color)
 .text._ZN5daisy6RgbLed6UpdateEv
                0x0000000008002fc0       0x1c ../../../libdaisy/build/libdaisy.a(hid_rgb_led.o)
                0x0000000008002fc0                daisy::RgbLed::Update()
 .text._ZN5daisy6Switch4InitE12dsy_gpio_pinf
                0x0000000008002fdc       0x38 ../../../libdaisy/build/libdaisy.a(hid_switch.o)
                0x0000000008002fdc                daisy::Switch::Init(dsy_gpio_pin, float)
 .text._ZN5daisy6Switch8DebounceEv
                0x0000000008003014       0x4c ../../../libdaisy/build/libdaisy.a(hid_switch.o)
                0x0000000008003014                daisy::Switch::Debounce()
 .text.dsy_hal_map_get_port
                0x0000000008003060       0x10 ../../../libdaisy/build/libdaisy.a(util_hal_map.o)
                0x0000000008003060                dsy_hal_map_get_port
 .text.dsy_hal_map_get_pin
                0x0000000008003070       0x10 ../../../libdaisy/build/libdaisy.a(util_hal_map.o)
                0x0000000008003070                dsy_hal_map_get_pin
 .text._ZN5daisy5Color4InitENS0_11PresetColorE
                0x0000000008003080       0x24 ../../../libdaisy/build/libdaisy.a(util_color.o)
                0x0000000008003080                daisy::Color::Init(daisy::Color::PresetColor)
 .text.HAL_ADC_ConvCpltCallback
                0x00000000080030a4        0x4 ../../../libdaisy/build/libdaisy.a(stm32h7xx_hal_adc.o)
                0x00000000080030a4                HAL_ADC_ConvCpltCallback
 .text.ADC_DMAHalfConvCplt
                0x00000000080030a8        0xc ../../../libdaisy/build/libdaisy.a(stm32h7xx_hal_adc.o)
                0x00000000080030a8                ADC_DMAHalfConvCplt
 .text.HAL_ADC_ErrorCallback
                0x00000000080030b4        0x4 ../../../libdaisy/build/libdaisy.a(stm32h7xx_hal_adc.o)
                0x00000000080030b4                HAL_ADC_ErrorCallback
 .text.ADC_DMAConvCplt
                0x00000000080030b8       0x6c ../../../libdaisy/build/libdaisy.a(stm32h7xx_hal_adc.o)
                0x00000000080030b8                ADC_DMAConvCplt
 .text.ADC_DMAError
                0x0000000008003124       0x1c ../../../libdaisy/build/libdaisy.a(stm32h7xx_hal_adc.o)
                0x0000000008003124                ADC_DMAError
 .text.HAL_ADC_ConfigChannel
                0x0000000008003140      0x3fc ../../../libdaisy/build/libdaisy.a(stm32h7xx_hal_adc.o)
                0x0000000008003140                HAL_ADC_ConfigChannel
 .text.ADC_Enable
                0x000000000800353c       0xac ../../../libdaisy/build/libdaisy.a(stm32h7xx_hal_adc.o)
                0x000000000800353c                ADC_Enable
 .text.HAL_ADC_Start_DMA
                0x00000000080035e8      0x118 ../../../libdaisy/build/libdaisy.a(stm32h7xx_hal_adc.o)
                0x00000000080035e8                HAL_ADC_Start_DMA
 .text.ADC_Disable
                0x0000000008003700       0x68 ../../../libdaisy/build/libdaisy.a(stm32h7xx_hal_adc.o)
                0x0000000008003700                ADC_Disable
 .text.ADC_ConfigureBoostMode
                0x0000000008003768      0x190 ../../../libdaisy/build/libdaisy.a(stm32h7xx_hal_adc.o)
                0x0000000008003768                ADC_ConfigureBoostMode
 .text.HAL_ADC_Init
                0x00000000080038f8      0x214 ../../../libdaisy/build/libdaisy.a(stm32h7xx_hal_adc.o)
                0x00000000080038f8                HAL_ADC_Init
 .text.HAL_ADCEx_Calibration_Start
                0x0000000008003b0c       0xa4 ../../../libdaisy/build/libdaisy.a(stm32h7xx_hal_adc_ex.o)
                0x0000000008003b0c                HAL_ADCEx_Calibration_Start
 .text.HAL_ADCEx_MultiModeConfigChannel
                0x0000000008003bb0       0xc4 ../../../libdaisy/build/libdaisy.a(stm32h7xx_hal_adc_ex.o)
                0x0000000008003bb0                HAL_ADCEx_MultiModeConfigChannel
 .text.HAL_SAI_Init.part.0
                0x0000000008003c74      0x364 ../../../libdaisy/build/libdaisy.a(stm32h7xx_hal_sai.o)
 .text.HAL_SAI_InitProtocol
                0x0000000008003fd8      0x184 ../../../libdaisy/build/libdaisy.a(stm32h7xx_hal_sai.o)
                0x0000000008003fd8                HAL_SAI_InitProtocol
 .text.HAL_SAI_Transmit_DMA
                0x000000000800415c      0x124 ../../../libdaisy/build/libdaisy.a(stm32h7xx_hal_sai.o)
                0x000000000800415c                HAL_SAI_Transmit_DMA
 .text.HAL_SAI_Receive_DMA
                0x0000000008004280       0xcc ../../../libdaisy/build/libdaisy.a(stm32h7xx_hal_sai.o)
                0x0000000008004280                HAL_SAI_Receive_DMA
 .text.HAL_SAI_TxCpltCallback
                0x000000000800434c        0x4 ../../../libdaisy/build/libdaisy.a(stm32h7xx_hal_sai.o)
                0x000000000800434c                HAL_SAI_TxCpltCallback
 .text.SAI_DMATxCplt
                0x0000000008004350       0x60 ../../../libdaisy/build/libdaisy.a(stm32h7xx_hal_sai.o)
 .text.HAL_SAI_TxHalfCpltCallback
                0x00000000080043b0        0x4 ../../../libdaisy/build/libdaisy.a(stm32h7xx_hal_sai.o)
                0x00000000080043b0                HAL_SAI_TxHalfCpltCallback
 .text.SAI_DMATxHalfCplt
                0x00000000080043b4        0xc ../../../libdaisy/build/libdaisy.a(stm32h7xx_hal_sai.o)
 .text.SAI_DMARxCplt
                0x00000000080043c0       0x60 ../../../libdaisy/build/libdaisy.a(stm32h7xx_hal_sai.o)
 .text.SAI_DMARxHalfCplt
                0x0000000008004420        0xc ../../../libdaisy/build/libdaisy.a(stm32h7xx_hal_sai.o)
 .text.HAL_SAI_ErrorCallback
                0x000000000800442c        0x4 ../../../libdaisy/build/libdaisy.a(stm32h7xx_hal_sai.o)
                0x000000000800442c                HAL_SAI_ErrorCallback
 .text.SAI_DMAError
                0x0000000008004430       0x6c ../../../libdaisy/build/libdaisy.a(stm32h7xx_hal_sai.o)
 .text.HAL_TIM_Base_Init
                0x000000000800449c      0x130 ../../../libdaisy/build/libdaisy.a(stm32h7xx_hal_tim.o)
                0x000000000800449c                HAL_TIM_Base_Init
 .text.HAL_TIM_Base_Start
                0x00000000080045cc       0x38 ../../../libdaisy/build/libdaisy.a(stm32h7xx_hal_tim.o)
                0x00000000080045cc                HAL_TIM_Base_Start
 .text.HAL_TIM_ConfigClockSource
                0x0000000008004604      0x17c ../../../libdaisy/build/libdaisy.a(stm32h7xx_hal_tim.o)
                0x0000000008004604                HAL_TIM_ConfigClockSource
 .text.HAL_TIMEx_MasterConfigSynchronization
                0x0000000008004780       0x60 ../../../libdaisy/build/libdaisy.a(stm32h7xx_hal_tim_ex.o)
                0x0000000008004780                HAL_TIMEx_MasterConfigSynchronization
 .text.HAL_RCC_OscConfig
                0x00000000080047e0      0x538 ../../../libdaisy/build/libdaisy.a(stm32h7xx_hal_rcc.o)
                0x00000000080047e0                HAL_RCC_OscConfig
 .text.HAL_RCC_GetSysClockFreq
                0x0000000008004d18      0x140 ../../../libdaisy/build/libdaisy.a(stm32h7xx_hal_rcc.o)
                0x0000000008004d18                HAL_RCC_GetSysClockFreq
 .text.HAL_RCC_ClockConfig
                0x0000000008004e58      0x234 ../../../libdaisy/build/libdaisy.a(stm32h7xx_hal_rcc.o)
                0x0000000008004e58                HAL_RCC_ClockConfig
 .text.HAL_RCC_GetHCLKFreq
                0x000000000800508c       0x2c ../../../libdaisy/build/libdaisy.a(stm32h7xx_hal_rcc.o)
                0x000000000800508c                HAL_RCC_GetHCLKFreq
 .text.RCCEx_PLL2_Config
                0x00000000080050b8       0xf8 ../../../libdaisy/build/libdaisy.a(stm32h7xx_hal_rcc_ex.o)
 .text.RCCEx_PLL3_Config
                0x00000000080051b0       0xf8 ../../../libdaisy/build/libdaisy.a(stm32h7xx_hal_rcc_ex.o)
 .text.HAL_RCCEx_PeriphCLKConfig
                0x00000000080052a8      0xa7c ../../../libdaisy/build/libdaisy.a(stm32h7xx_hal_rcc_ex.o)
                0x00000000080052a8                HAL_RCCEx_PeriphCLKConfig
 .text.HAL_RCCEx_GetPLL2ClockFreq
                0x0000000008005d24      0x17c ../../../libdaisy/build/libdaisy.a(stm32h7xx_hal_rcc_ex.o)
                0x0000000008005d24                HAL_RCCEx_GetPLL2ClockFreq
 .text.HAL_RCCEx_GetPLL3ClockFreq
                0x0000000008005ea0      0x17c ../../../libdaisy/build/libdaisy.a(stm32h7xx_hal_rcc_ex.o)
                0x0000000008005ea0                HAL_RCCEx_GetPLL3ClockFreq
 .text.HAL_RCCEx_GetPLL1ClockFreq
                0x000000000800601c      0x17c ../../../libdaisy/build/libdaisy.a(stm32h7xx_hal_rcc_ex.o)
                0x000000000800601c                HAL_RCCEx_GetPLL1ClockFreq
 .text.HAL_RCCEx_GetPeriphCLKFreq
                0x0000000008006198      0x198 ../../../libdaisy/build/libdaisy.a(stm32h7xx_hal_rcc_ex.o)
                0x0000000008006198                HAL_RCCEx_GetPeriphCLKFreq
 .text.HAL_RCCEx_GetD1SysClockFreq
                0x0000000008006330       0x2c ../../../libdaisy/build/libdaisy.a(stm32h7xx_hal_rcc_ex.o)
                0x0000000008006330                HAL_RCCEx_GetD1SysClockFreq
 .text.HAL_GPIO_Init
                0x000000000800635c      0x248 ../../../libdaisy/build/libdaisy.a(stm32h7xx_hal_gpio.o)
                0x000000000800635c                HAL_GPIO_Init
 .text.HAL_GPIO_DeInit
                0x00000000080065a4      0x19c ../../../libdaisy/build/libdaisy.a(stm32h7xx_hal_gpio.o)
                0x00000000080065a4                HAL_GPIO_DeInit
 .text.HAL_GPIO_ReadPin
                0x0000000008006740        0xc ../../../libdaisy/build/libdaisy.a(stm32h7xx_hal_gpio.o)
                0x0000000008006740                HAL_GPIO_ReadPin
 .text.HAL_GPIO_WritePin
                0x000000000800674c        0x8 ../../../libdaisy/build/libdaisy.a(stm32h7xx_hal_gpio.o)
                0x000000000800674c                HAL_GPIO_WritePin
 .text.DMA_CalcBaseAndBitshift
                0x0000000008006754       0xf8 ../../../libdaisy/build/libdaisy.a(stm32h7xx_hal_dma.o)
 .text.DMA_CalcDMAMUXChannelBaseAndMask
                0x000000000800684c       0xd8 ../../../libdaisy/build/libdaisy.a(stm32h7xx_hal_dma.o)
 .text.HAL_DMA_Init
                0x0000000008006924      0x394 ../../../libdaisy/build/libdaisy.a(stm32h7xx_hal_dma.o)
                0x0000000008006924                HAL_DMA_Init
 .text.HAL_DMA_Start_IT
                0x0000000008006cb8      0x250 ../../../libdaisy/build/libdaisy.a(stm32h7xx_hal_dma.o)
                0x0000000008006cb8                HAL_DMA_Start_IT
 .text.HAL_DMA_IRQHandler
                0x0000000008006f08      0x6bc ../../../libdaisy/build/libdaisy.a(stm32h7xx_hal_dma.o)
                0x0000000008006f08                HAL_DMA_IRQHandler
 .text.HAL_DMA_GetError
                0x00000000080075c4        0x4 ../../../libdaisy/build/libdaisy.a(stm32h7xx_hal_dma.o)
                0x00000000080075c4                HAL_DMA_GetError
 .text.HAL_MspInit
                0x00000000080075c8        0x4 ../../../libdaisy/build/libdaisy.a(stm32h7xx_hal.o)
                0x00000000080075c8                HAL_MspInit
 .text.HAL_InitTick
                0x00000000080075cc       0x4c ../../../libdaisy/build/libdaisy.a(stm32h7xx_hal.o)
                0x00000000080075cc                HAL_InitTick
 .text.HAL_Init
                0x0000000008007618       0x5c ../../../libdaisy/build/libdaisy.a(stm32h7xx_hal.o)
                0x0000000008007618                HAL_Init
 .text.HAL_IncTick
                0x0000000008007674       0x18 ../../../libdaisy/build/libdaisy.a(stm32h7xx_hal.o)
                0x0000000008007674                HAL_IncTick
 .text.HAL_GetTick
                0x000000000800768c        0xc ../../../libdaisy/build/libdaisy.a(stm32h7xx_hal.o)
                0x000000000800768c                HAL_GetTick
 .text.HAL_Delay
                0x0000000008007698       0x24 ../../../libdaisy/build/libdaisy.a(stm32h7xx_hal.o)
                0x0000000008007698                HAL_Delay
 .text.HAL_GetREVID
                0x00000000080076bc        0xc ../../../libdaisy/build/libdaisy.a(stm32h7xx_hal.o)
                0x00000000080076bc                HAL_GetREVID
 .text._ZN5daisy9DaisySeed9ConfigureEv
                0x00000000080076c8       0xbc ../../../libdaisy/build/libdaisy.a(daisy_seed.o)
                0x00000000080076c8                daisy::DaisySeed::Configure()
 .text._ZN5daisy9DaisySeed4InitEv
                0x0000000008007784       0x38 ../../../libdaisy/build/libdaisy.a(daisy_seed.o)
                0x0000000008007784                daisy::DaisySeed::Init()
 .text._ZN5daisy9DaisySeed6GetPinEh
                0x00000000080077bc       0x2c ../../../libdaisy/build/libdaisy.a(daisy_seed.o)
                0x00000000080077bc                daisy::DaisySeed::GetPin(unsigned char)
 .text.codec_ak4556_init
                0x00000000080077e8       0x34 ../../../libdaisy/build/libdaisy.a(dev_codec_ak4556.o)
                0x00000000080077e8                codec_ak4556_init
 .text.dsy_qspi_init
                0x000000000800781c      0x390 ../../../libdaisy/build/libdaisy.a(per_qspi.o)
                0x000000000800781c                dsy_qspi_init
 .text.HAL_QSPI_MspInit
                0x0000000008007bac      0x10c ../../../libdaisy/build/libdaisy.a(per_qspi.o)
                0x0000000008007bac                HAL_QSPI_MspInit
 .text.HAL_QSPI_MspDeInit
                0x0000000008007cb8       0x58 ../../../libdaisy/build/libdaisy.a(per_qspi.o)
                0x0000000008007cb8                HAL_QSPI_MspDeInit
 .text.QUADSPI_IRQHandler
                0x0000000008007d10        0xc ../../../libdaisy/build/libdaisy.a(per_qspi.o)
                0x0000000008007d10                QUADSPI_IRQHandler
 .text.dsy_sdram_init
                0x0000000008007d1c      0x120 ../../../libdaisy/build/libdaisy.a(dev_sdram.o)
                0x0000000008007d1c                dsy_sdram_init
 .text.HAL_SDRAM_MspInit
                0x0000000008007e3c      0x1cc ../../../libdaisy/build/libdaisy.a(dev_sdram.o)
                0x0000000008007e3c                HAL_SDRAM_MspInit
 .text.SystemClock_Config
                0x0000000008008008      0x17c ../../../libdaisy/build/libdaisy.a(sys_system.o)
 .text.SysTick_Handler
                0x0000000008008184       0x10 ../../../libdaisy/build/libdaisy.a(sys_system.o)
                0x0000000008008184                SysTick_Handler
 .text.HardFault_Handler
                0x0000000008008194        0x4 ../../../libdaisy/build/libdaisy.a(sys_system.o)
                0x0000000008008194                HardFault_Handler
 .text.dsy_system_init
                0x0000000008008198       0xe0 ../../../libdaisy/build/libdaisy.a(sys_system.o)
                0x0000000008008198                dsy_system_init
 .text.dsy_system_delay
                0x0000000008008278        0x4 ../../../libdaisy/build/libdaisy.a(sys_system.o)
                0x0000000008008278                dsy_system_delay
 .text.dsy_i2c_global_init
                0x000000000800827c       0x70 ../../../libdaisy/build/libdaisy.a(per_i2c.o)
                0x000000000800827c                dsy_i2c_global_init
 .text.DMA1_Stream6_IRQHandler
                0x00000000080082ec       0x24 ../../../libdaisy/build/libdaisy.a(per_i2c.o)
                0x00000000080082ec                DMA1_Stream6_IRQHandler
 .text.I2C1_EV_IRQHandler
                0x0000000008008310        0xc ../../../libdaisy/build/libdaisy.a(per_i2c.o)
                0x0000000008008310                I2C1_EV_IRQHandler
 .text.I2C2_EV_IRQHandler
                0x000000000800831c        0xc ../../../libdaisy/build/libdaisy.a(per_i2c.o)
                0x000000000800831c                I2C2_EV_IRQHandler
 .text.I2C3_EV_IRQHandler
                0x0000000008008328        0xc ../../../libdaisy/build/libdaisy.a(per_i2c.o)
                0x0000000008008328                I2C3_EV_IRQHandler
 .text._ZN5daisy3Led4InitE12dsy_gpio_pinbf
                0x0000000008008334       0x48 ../../../libdaisy/build/libdaisy.a(hid_led.o)
                0x0000000008008334                daisy::Led::Init(dsy_gpio_pin, bool, float)
 .text._ZN5daisy3Led3SetEf
                0x000000000800837c       0x24 ../../../libdaisy/build/libdaisy.a(hid_led.o)
                0x000000000800837c                daisy::Led::Set(float)
 .text._ZN5daisy3Led6UpdateEv
                0x00000000080083a0       0x48 ../../../libdaisy/build/libdaisy.a(hid_led.o)
                0x00000000080083a0                daisy::Led::Update()
 .text.dsy_dma_init
                0x00000000080083e8       0x98 ../../../libdaisy/build/libdaisy.a(sys_dma.o)
                0x00000000080083e8                dsy_dma_init
 .text.HAL_NVIC_SetPriorityGrouping
                0x0000000008008480       0x28 ../../../libdaisy/build/libdaisy.a(stm32h7xx_hal_cortex.o)
                0x0000000008008480                HAL_NVIC_SetPriorityGrouping
 .text.HAL_NVIC_SetPriority
                0x00000000080084a8       0x74 ../../../libdaisy/build/libdaisy.a(stm32h7xx_hal_cortex.o)
                0x00000000080084a8                HAL_NVIC_SetPriority
 .text.HAL_NVIC_EnableIRQ
                0x000000000800851c       0x1c ../../../libdaisy/build/libdaisy.a(stm32h7xx_hal_cortex.o)
                0x000000000800851c                HAL_NVIC_EnableIRQ
 .text.HAL_NVIC_DisableIRQ
                0x0000000008008538       0x28 ../../../libdaisy/build/libdaisy.a(stm32h7xx_hal_cortex.o)
                0x0000000008008538                HAL_NVIC_DisableIRQ
 .text.HAL_SYSTICK_Config
                0x0000000008008560       0x30 ../../../libdaisy/build/libdaisy.a(stm32h7xx_hal_cortex.o)
                0x0000000008008560                HAL_SYSTICK_Config
 .text.HAL_MPU_Disable
                0x0000000008008590       0x20 ../../../libdaisy/build/libdaisy.a(stm32h7xx_hal_cortex.o)
                0x0000000008008590                HAL_MPU_Disable
 .text.HAL_MPU_Enable
                0x00000000080085b0       0x24 ../../../libdaisy/build/libdaisy.a(stm32h7xx_hal_cortex.o)
                0x00000000080085b0                HAL_MPU_Enable
 .text.HAL_MPU_ConfigRegion
                0x00000000080085d4       0x50 ../../../libdaisy/build/libdaisy.a(stm32h7xx_hal_cortex.o)
                0x00000000080085d4                HAL_MPU_ConfigRegion
 .text.HAL_SYSTICK_Callback
                0x0000000008008624        0x4 ../../../libdaisy/build/libdaisy.a(stm32h7xx_hal_cortex.o)
                0x0000000008008624                HAL_SYSTICK_Callback
 .text.HAL_SYSTICK_IRQHandler
                0x0000000008008628        0x8 ../../../libdaisy/build/libdaisy.a(stm32h7xx_hal_cortex.o)
                0x0000000008008628                HAL_SYSTICK_IRQHandler
 .text.HAL_SDRAM_Init
                0x0000000008008630       0x54 ../../../libdaisy/build/libdaisy.a(stm32h7xx_hal_sdram.o)
                0x0000000008008630                HAL_SDRAM_Init
 .text.HAL_SDRAM_SendCommand
                0x0000000008008684       0x40 ../../../libdaisy/build/libdaisy.a(stm32h7xx_hal_sdram.o)
                0x0000000008008684                HAL_SDRAM_SendCommand
 .text.HAL_SDRAM_ProgramRefreshRate
                0x00000000080086c4       0x30 ../../../libdaisy/build/libdaisy.a(stm32h7xx_hal_sdram.o)
                0x00000000080086c4                HAL_SDRAM_ProgramRefreshRate
 .text.HAL_I2C_EV_IRQHandler
                0x00000000080086f4       0x10 ../../../libdaisy/build/libdaisy.a(stm32h7xx_hal_i2c.o)
                0x00000000080086f4                HAL_I2C_EV_IRQHandler
 .text.QSPI_Config
                0x0000000008008704      0x1d4 ../../../libdaisy/build/libdaisy.a(stm32h7xx_hal_qspi.o)
 .text.HAL_QSPI_Init
                0x00000000080088d8       0xd8 ../../../libdaisy/build/libdaisy.a(stm32h7xx_hal_qspi.o)
                0x00000000080088d8                HAL_QSPI_Init
 .text.HAL_QSPI_DeInit
                0x00000000080089b0       0x3c ../../../libdaisy/build/libdaisy.a(stm32h7xx_hal_qspi.o)
                0x00000000080089b0                HAL_QSPI_DeInit
 .text.HAL_QSPI_Command
                0x00000000080089ec       0xd4 ../../../libdaisy/build/libdaisy.a(stm32h7xx_hal_qspi.o)
                0x00000000080089ec                HAL_QSPI_Command
 .text.HAL_QSPI_Transmit
                0x0000000008008ac0       0xfc ../../../libdaisy/build/libdaisy.a(stm32h7xx_hal_qspi.o)
                0x0000000008008ac0                HAL_QSPI_Transmit
 .text.HAL_QSPI_Receive
                0x0000000008008bbc      0x108 ../../../libdaisy/build/libdaisy.a(stm32h7xx_hal_qspi.o)
                0x0000000008008bbc                HAL_QSPI_Receive
 .text.HAL_QSPI_AutoPolling
                0x0000000008008cc4       0xe8 ../../../libdaisy/build/libdaisy.a(stm32h7xx_hal_qspi.o)
                0x0000000008008cc4                HAL_QSPI_AutoPolling
 .text.HAL_QSPI_MemoryMapped
                0x0000000008008dac       0xb8 ../../../libdaisy/build/libdaisy.a(stm32h7xx_hal_qspi.o)
                0x0000000008008dac                HAL_QSPI_MemoryMapped
 .text.HAL_QSPI_ErrorCallback
                0x0000000008008e64        0x4 ../../../libdaisy/build/libdaisy.a(stm32h7xx_hal_qspi.o)
                0x0000000008008e64                HAL_QSPI_ErrorCallback
 .text.QSPI_DMAAbortCplt
                0x0000000008008e68       0x38 ../../../libdaisy/build/libdaisy.a(stm32h7xx_hal_qspi.o)
 .text.HAL_QSPI_AbortCpltCallback
                0x0000000008008ea0        0x4 ../../../libdaisy/build/libdaisy.a(stm32h7xx_hal_qspi.o)
                0x0000000008008ea0                HAL_QSPI_AbortCpltCallback
 .text.HAL_QSPI_CmdCpltCallback
                0x0000000008008ea4        0x4 ../../../libdaisy/build/libdaisy.a(stm32h7xx_hal_qspi.o)
                0x0000000008008ea4                HAL_QSPI_CmdCpltCallback
 .text.HAL_QSPI_RxCpltCallback
                0x0000000008008ea8        0x4 ../../../libdaisy/build/libdaisy.a(stm32h7xx_hal_qspi.o)
                0x0000000008008ea8                HAL_QSPI_RxCpltCallback
 .text.HAL_QSPI_TxCpltCallback
                0x0000000008008eac        0x4 ../../../libdaisy/build/libdaisy.a(stm32h7xx_hal_qspi.o)
                0x0000000008008eac                HAL_QSPI_TxCpltCallback
 .text.HAL_QSPI_FifoThresholdCallback
                0x0000000008008eb0        0x4 ../../../libdaisy/build/libdaisy.a(stm32h7xx_hal_qspi.o)
                0x0000000008008eb0                HAL_QSPI_FifoThresholdCallback
 .text.HAL_QSPI_StatusMatchCallback
                0x0000000008008eb4        0x4 ../../../libdaisy/build/libdaisy.a(stm32h7xx_hal_qspi.o)
                0x0000000008008eb4                HAL_QSPI_StatusMatchCallback
 .text.HAL_QSPI_TimeOutCallback
                0x0000000008008eb8        0x4 ../../../libdaisy/build/libdaisy.a(stm32h7xx_hal_qspi.o)
                0x0000000008008eb8                HAL_QSPI_TimeOutCallback
 .text.HAL_QSPI_IRQHandler
                0x0000000008008ebc      0x210 ../../../libdaisy/build/libdaisy.a(stm32h7xx_hal_qspi.o)
                0x0000000008008ebc                HAL_QSPI_IRQHandler
 .text.HAL_MDMA_Abort_IT
                0x00000000080090cc       0x2c ../../../libdaisy/build/libdaisy.a(stm32h7xx_hal_mdma.o)
                0x00000000080090cc                HAL_MDMA_Abort_IT
 .text.HAL_PWREx_ConfigSupply
                0x00000000080090f8       0x4c ../../../libdaisy/build/libdaisy.a(stm32h7xx_hal_pwr_ex.o)
                0x00000000080090f8                HAL_PWREx_ConfigSupply
 .text.HAL_PWREx_EnableUSBVoltageDetector
                0x0000000008009144       0x10 ../../../libdaisy/build/libdaisy.a(stm32h7xx_hal_pwr_ex.o)
                0x0000000008009144                HAL_PWREx_EnableUSBVoltageDetector
 .text.FMC_SDRAM_Init
                0x0000000008009154       0x78 ../../../libdaisy/build/libdaisy.a(stm32h7xx_ll_fmc.o)
                0x0000000008009154                FMC_SDRAM_Init
 .text.FMC_SDRAM_Timing_Init
                0x00000000080091cc       0x98 ../../../libdaisy/build/libdaisy.a(stm32h7xx_ll_fmc.o)
                0x00000000080091cc                FMC_SDRAM_Timing_Init
 .text.FMC_SDRAM_SendCommand
                0x0000000008009264       0x24 ../../../libdaisy/build/libdaisy.a(stm32h7xx_ll_fmc.o)
                0x0000000008009264                FMC_SDRAM_SendCommand
 .text.FMC_SDRAM_ProgramRefreshRate
                0x0000000008009288       0x1c ../../../libdaisy/build/libdaisy.a(stm32h7xx_ll_fmc.o)
                0x0000000008009288                FMC_SDRAM_ProgramRefreshRate
 .text._ZN7daisysp6Phasor7SetFreqEf
                0x00000000080092a4       0x20 ../../../DaisySP/build/libdaisysp.a(phasor.o)
                0x00000000080092a4                daisysp::Phasor::SetFreq(float)
 .text._ZN7daisysp6Phasor7ProcessEv
                0x00000000080092c4       0x3c ../../../DaisySP/build/libdaisysp.a(phasor.o)
                0x00000000080092c4                daisysp::Phasor::Process()
 .text.__aeabi_atexit
                0x0000000008009300        0xa /usr/local/Cellar/arm-none-eabi-gcc/9-2019-q4-major/gcc/bin/../lib/gcc/arm-none-eabi/9.2.1/../../../../arm-none-eabi/lib/thumb/v7e-m+dp/hard/libstdc++_nano.a(atexit_arm.o)
                0x0000000008009300                __aeabi_atexit
 *fill*         0x000000000800930a        0x6 
 .text.cos      0x0000000008009310       0xa0 /usr/local/Cellar/arm-none-eabi-gcc/9-2019-q4-major/gcc/bin/../lib/gcc/arm-none-eabi/9.2.1/../../../../arm-none-eabi/lib/thumb/v7e-m+dp/hard/libm.a(lib_a-s_cos.o)
                0x0000000008009310                cos
 .text.powf     0x00000000080093b0      0x348 /usr/local/Cellar/arm-none-eabi-gcc/9-2019-q4-major/gcc/bin/../lib/gcc/arm-none-eabi/9.2.1/../../../../arm-none-eabi/lib/thumb/v7e-m+dp/hard/libm.a(lib_a-sf_pow.o)
                0x00000000080093b0                powf
 .text.tanhf    0x00000000080096f8       0xb8 /usr/local/Cellar/arm-none-eabi-gcc/9-2019-q4-major/gcc/bin/../lib/gcc/arm-none-eabi/9.2.1/../../../../arm-none-eabi/lib/thumb/v7e-m+dp/hard/libm.a(lib_a-sf_tanh.o)
                0x00000000080096f8                tanhf
 .text.sinf     0x00000000080097b0      0x214 /usr/local/Cellar/arm-none-eabi-gcc/9-2019-q4-major/gcc/bin/../lib/gcc/arm-none-eabi/9.2.1/../../../../arm-none-eabi/lib/thumb/v7e-m+dp/hard/libm.a(lib_a-sinf.o)
                0x00000000080097b0                sinf
 *fill*         0x00000000080099c4        0x4 
 .text.__ieee754_rem_pio2
                0x00000000080099c8      0x294 /usr/local/Cellar/arm-none-eabi-gcc/9-2019-q4-major/gcc/bin/../lib/gcc/arm-none-eabi/9.2.1/../../../../arm-none-eabi/lib/thumb/v7e-m+dp/hard/libm.a(lib_a-e_rem_pio2.o)
                0x00000000080099c8                __ieee754_rem_pio2
 *fill*         0x0000000008009c5c        0x4 
 .text.__kernel_cos
                0x0000000008009c60      0x120 /usr/local/Cellar/arm-none-eabi-gcc/9-2019-q4-major/gcc/bin/../lib/gcc/arm-none-eabi/9.2.1/../../../../arm-none-eabi/lib/thumb/v7e-m+dp/hard/libm.a(lib_a-k_cos.o)
                0x0000000008009c60                __kernel_cos
 .text.__kernel_rem_pio2
                0x0000000008009d80      0x694 /usr/local/Cellar/arm-none-eabi-gcc/9-2019-q4-major/gcc/bin/../lib/gcc/arm-none-eabi/9.2.1/../../../../arm-none-eabi/lib/thumb/v7e-m+dp/hard/libm.a(lib_a-k_rem_pio2.o)
                0x0000000008009d80                __kernel_rem_pio2
 *fill*         0x000000000800a414        0x4 
 .text.__kernel_sin
                0x000000000800a418       0xb0 /usr/local/Cellar/arm-none-eabi-gcc/9-2019-q4-major/gcc/bin/../lib/gcc/arm-none-eabi/9.2.1/../../../../arm-none-eabi/lib/thumb/v7e-m+dp/hard/libm.a(lib_a-k_sin.o)
                0x000000000800a418                __kernel_sin
 .text.with_errnof
                0x000000000800a4c8       0x18 /usr/local/Cellar/arm-none-eabi-gcc/9-2019-q4-major/gcc/bin/../lib/gcc/arm-none-eabi/9.2.1/../../../../arm-none-eabi/lib/thumb/v7e-m+dp/hard/libm.a(lib_a-math_errf.o)
 .text.xflowf   0x000000000800a4e0       0x20 /usr/local/Cellar/arm-none-eabi-gcc/9-2019-q4-major/gcc/bin/../lib/gcc/arm-none-eabi/9.2.1/../../../../arm-none-eabi/lib/thumb/v7e-m+dp/hard/libm.a(lib_a-math_errf.o)
 .text.__math_uflowf
                0x000000000800a500        0xc /usr/local/Cellar/arm-none-eabi-gcc/9-2019-q4-major/gcc/bin/../lib/gcc/arm-none-eabi/9.2.1/../../../../arm-none-eabi/lib/thumb/v7e-m+dp/hard/libm.a(lib_a-math_errf.o)
                0x000000000800a500                __math_uflowf
 .text.__math_may_uflowf
                0x000000000800a50c        0xc /usr/local/Cellar/arm-none-eabi-gcc/9-2019-q4-major/gcc/bin/../lib/gcc/arm-none-eabi/9.2.1/../../../../arm-none-eabi/lib/thumb/v7e-m+dp/hard/libm.a(lib_a-math_errf.o)
                0x000000000800a50c                __math_may_uflowf
 .text.__math_oflowf
                0x000000000800a518        0xc /usr/local/Cellar/arm-none-eabi-gcc/9-2019-q4-major/gcc/bin/../lib/gcc/arm-none-eabi/9.2.1/../../../../arm-none-eabi/lib/thumb/v7e-m+dp/hard/libm.a(lib_a-math_errf.o)
                0x000000000800a518                __math_oflowf
 .text.__math_divzerof
                0x000000000800a524       0x24 /usr/local/Cellar/arm-none-eabi-gcc/9-2019-q4-major/gcc/bin/../lib/gcc/arm-none-eabi/9.2.1/../../../../arm-none-eabi/lib/thumb/v7e-m+dp/hard/libm.a(lib_a-math_errf.o)
                0x000000000800a524                __math_divzerof
 .text.__math_invalidf
                0x000000000800a548       0x20 /usr/local/Cellar/arm-none-eabi-gcc/9-2019-q4-major/gcc/bin/../lib/gcc/arm-none-eabi/9.2.1/../../../../arm-none-eabi/lib/thumb/v7e-m+dp/hard/libm.a(lib_a-math_errf.o)
                0x000000000800a548                __math_invalidf
 .text.fabs     0x000000000800a568       0x14 /usr/local/Cellar/arm-none-eabi-gcc/9-2019-q4-major/gcc/bin/../lib/gcc/arm-none-eabi/9.2.1/../../../../arm-none-eabi/lib/thumb/v7e-m+dp/hard/libm.a(lib_a-s_fabs.o)
                0x000000000800a568                fabs
 *fill*         0x000000000800a57c        0x4 
 .text.floor    0x000000000800a580      0x110 /usr/local/Cellar/arm-none-eabi-gcc/9-2019-q4-major/gcc/bin/../lib/gcc/arm-none-eabi/9.2.1/../../../../arm-none-eabi/lib/thumb/v7e-m+dp/hard/libm.a(lib_a-s_floor.o)
                0x000000000800a580                floor
 .text.scalbn   0x000000000800a690      0x10c /usr/local/Cellar/arm-none-eabi-gcc/9-2019-q4-major/gcc/bin/../lib/gcc/arm-none-eabi/9.2.1/../../../../arm-none-eabi/lib/thumb/v7e-m+dp/hard/libm.a(lib_a-s_scalbn.o)
                0x000000000800a690                scalbn
 .text.expm1f   0x000000000800a79c      0x26c /usr/local/Cellar/arm-none-eabi-gcc/9-2019-q4-major/gcc/bin/../lib/gcc/arm-none-eabi/9.2.1/../../../../arm-none-eabi/lib/thumb/v7e-m+dp/hard/libm.a(lib_a-sf_expm1.o)
                0x000000000800a79c                expm1f
 .text.fabsf    0x000000000800aa08       0x10 /usr/local/Cellar/arm-none-eabi-gcc/9-2019-q4-major/gcc/bin/../lib/gcc/arm-none-eabi/9.2.1/../../../../arm-none-eabi/lib/thumb/v7e-m+dp/hard/libm.a(lib_a-sf_fabs.o)
                0x000000000800aa08                fabsf
 .text.__cxa_atexit
                0x000000000800aa18       0x1c /usr/local/Cellar/arm-none-eabi-gcc/9-2019-q4-major/gcc/bin/../lib/gcc/arm-none-eabi/9.2.1/../../../../arm-none-eabi/lib/thumb/v7e-m+dp/hard/libc_nano.a(lib_a-cxa_atexit.o)
                0x000000000800aa18                __cxa_atexit
 .text.__errno  0x000000000800aa34        0xc /usr/local/Cellar/arm-none-eabi-gcc/9-2019-q4-major/gcc/bin/../lib/gcc/arm-none-eabi/9.2.1/../../../../arm-none-eabi/lib/thumb/v7e-m+dp/hard/libc_nano.a(lib_a-errno.o)
                0x000000000800aa34                __errno
 .text.__libc_init_array
                0x000000000800aa40       0x48 /usr/local/Cellar/arm-none-eabi-gcc/9-2019-q4-major/gcc/bin/../lib/gcc/arm-none-eabi/9.2.1/../../../../arm-none-eabi/lib/thumb/v7e-m+dp/hard/libc_nano.a(lib_a-init.o)
                0x000000000800aa40                __libc_init_array
 .text.memcpy   0x000000000800aa88       0x1c /usr/local/Cellar/arm-none-eabi-gcc/9-2019-q4-major/gcc/bin/../lib/gcc/arm-none-eabi/9.2.1/../../../../arm-none-eabi/lib/thumb/v7e-m+dp/hard/libc_nano.a(lib_a-memcpy-stub.o)
                0x000000000800aa88                memcpy
 .text.memset   0x000000000800aaa4       0x10 /usr/local/Cellar/arm-none-eabi-gcc/9-2019-q4-major/gcc/bin/../lib/gcc/arm-none-eabi/9.2.1/../../../../arm-none-eabi/lib/thumb/v7e-m+dp/hard/libc_nano.a(lib_a-memset.o)
                0x000000000800aaa4                memset
 *(.rodata)
 *(.rodata*)
 .rodata.D1CorePrescTable
                0x000000000800aab4       0x10 build/system_stm32h7xx.o
                0x000000000800aab4                D1CorePrescTable
 .rodata._ZL16dsy_adc_rank_map
                0x000000000800aac4       0x40 ../../../libdaisy/build/libdaisy.a(per_adc.o)
 .rodata.gpio_hal_pin_map
                0x000000000800ab04       0x20 ../../../libdaisy/build/libdaisy.a(util_hal_map.o)
 .rodata.gpio_hal_port_map
                0x000000000800ab24       0x30 ../../../libdaisy/build/libdaisy.a(util_hal_map.o)
 .rodata._ZN5daisy5Color15standard_colorsE
                0x000000000800ab54       0x60 ../../../libdaisy/build/libdaisy.a(util_color.o)
                0x000000000800ab54                daisy::Color::standard_colors
 .rodata.flagBitshiftOffset.17850
                0x000000000800abb4        0x8 ../../../libdaisy/build/libdaisy.a(stm32h7xx_hal_dma.o)
 .rodata._ZL8seedgpio
                0x000000000800abbc       0x3e ../../../libdaisy/build/libdaisy.a(daisy_seed.o)
 *fill*         0x000000000800abfa        0x2 
 .rodata.HAL_QSPI_MspInit.str1.4
                0x000000000800abfc        0x7 ../../../libdaisy/build/libdaisy.a(per_qspi.o)
 *fill*         0x000000000800ac03        0x5 
 .rodata.__powf_log2_data
                0x000000000800ac08      0x128 /usr/local/Cellar/arm-none-eabi-gcc/9-2019-q4-major/gcc/bin/../lib/gcc/arm-none-eabi/9.2.1/../../../../arm-none-eabi/lib/thumb/v7e-m+dp/hard/libm.a(lib_a-sf_pow_log2_data.o)
                0x000000000800ac08                __powf_log2_data
 .rodata.npio2_hw
                0x000000000800ad30       0x80 /usr/local/Cellar/arm-none-eabi-gcc/9-2019-q4-major/gcc/bin/../lib/gcc/arm-none-eabi/9.2.1/../../../../arm-none-eabi/lib/thumb/v7e-m+dp/hard/libm.a(lib_a-e_rem_pio2.o)
 .rodata.two_over_pi
                0x000000000800adb0      0x108 /usr/local/Cellar/arm-none-eabi-gcc/9-2019-q4-major/gcc/bin/../lib/gcc/arm-none-eabi/9.2.1/../../../../arm-none-eabi/lib/thumb/v7e-m+dp/hard/libm.a(lib_a-e_rem_pio2.o)
 .rodata.PIo2   0x000000000800aeb8       0x40 /usr/local/Cellar/arm-none-eabi-gcc/9-2019-q4-major/gcc/bin/../lib/gcc/arm-none-eabi/9.2.1/../../../../arm-none-eabi/lib/thumb/v7e-m+dp/hard/libm.a(lib_a-k_rem_pio2.o)
 .rodata.init_jk
                0x000000000800aef8       0x10 /usr/local/Cellar/arm-none-eabi-gcc/9-2019-q4-major/gcc/bin/../lib/gcc/arm-none-eabi/9.2.1/../../../../arm-none-eabi/lib/thumb/v7e-m+dp/hard/libm.a(lib_a-k_rem_pio2.o)
 .rodata.__exp2f_data
                0x000000000800af08      0x148 /usr/local/Cellar/arm-none-eabi-gcc/9-2019-q4-major/gcc/bin/../lib/gcc/arm-none-eabi/9.2.1/../../../../arm-none-eabi/lib/thumb/v7e-m+dp/hard/libm.a(lib_a-sf_exp2_data.o)
                0x000000000800af08                __exp2f_data
 .rodata.__inv_pio4
                0x000000000800b050       0x60 /usr/local/Cellar/arm-none-eabi-gcc/9-2019-q4-major/gcc/bin/../lib/gcc/arm-none-eabi/9.2.1/../../../../arm-none-eabi/lib/thumb/v7e-m+dp/hard/libm.a(lib_a-sincosf_data.o)
                0x000000000800b050                __inv_pio4
 .rodata.__sincosf_table
                0x000000000800b0b0       0xe0 /usr/local/Cellar/arm-none-eabi-gcc/9-2019-q4-major/gcc/bin/../lib/gcc/arm-none-eabi/9.2.1/../../../../arm-none-eabi/lib/thumb/v7e-m+dp/hard/libm.a(lib_a-sincosf_data.o)
                0x000000000800b0b0                __sincosf_table
 *(.glue_7)
 .glue_7        0x000000000800b190        0x0 linker stubs
 *(.glue_7t)
 .glue_7t       0x000000000800b190        0x0 linker stubs
 *(.init)
 .init          0x000000000800b190        0x4 /usr/local/Cellar/arm-none-eabi-gcc/9-2019-q4-major/gcc/bin/../lib/gcc/arm-none-eabi/9.2.1/thumb/v7e-m+dp/hard/crti.o
                0x000000000800b190                _init
 .init          0x000000000800b194        0x8 /usr/local/Cellar/arm-none-eabi-gcc/9-2019-q4-major/gcc/bin/../lib/gcc/arm-none-eabi/9.2.1/thumb/v7e-m+dp/hard/crtn.o
 *(.fini)
 .fini          0x000000000800b19c        0x4 /usr/local/Cellar/arm-none-eabi-gcc/9-2019-q4-major/gcc/bin/../lib/gcc/arm-none-eabi/9.2.1/thumb/v7e-m+dp/hard/crti.o
                0x000000000800b19c                _fini
 .fini          0x000000000800b1a0        0x8 /usr/local/Cellar/arm-none-eabi-gcc/9-2019-q4-major/gcc/bin/../lib/gcc/arm-none-eabi/9.2.1/thumb/v7e-m+dp/hard/crtn.o
                0x000000000800b1a8                . = ALIGN (0x4)
                0x000000000800b1a8                _etext = .

.vfp11_veneer   0x000000000800b1a8        0x0
 .vfp11_veneer  0x000000000800b1a8        0x0 linker stubs

.v4_bx          0x000000000800b1a8        0x0
 .v4_bx         0x000000000800b1a8        0x0 linker stubs

.iplt           0x000000000800b1a8        0x0
 .iplt          0x000000000800b1a8        0x0 /usr/local/Cellar/arm-none-eabi-gcc/9-2019-q4-major/gcc/bin/../lib/gcc/arm-none-eabi/9.2.1/thumb/v7e-m+dp/hard/crtbegin.o

.rel.dyn        0x000000000800b1a8        0x0
 .rel.iplt      0x000000000800b1a8        0x0 /usr/local/Cellar/arm-none-eabi-gcc/9-2019-q4-major/gcc/bin/../lib/gcc/arm-none-eabi/9.2.1/thumb/v7e-m+dp/hard/crtbegin.o

.ARM.extab      0x000000000800b1a8        0x0
                0x000000000800b1a8                . = ALIGN (0x4)
 *(.ARM.extab)
 *(.gnu.linkonce.armextab.*)
                0x000000000800b1a8                . = ALIGN (0x4)

.exidx          0x000000000800b1a8        0x0
                0x000000000800b1a8                . = ALIGN (0x4)
                [!provide]                        PROVIDE (__exidx_start = .)
 *(.ARM.exidx*)
                0x000000000800b1a8                . = ALIGN (0x4)
                [!provide]                        PROVIDE (__exidx_end = .)

.ARM.attributes
                0x000000000800b1a8       0x2e
 *(.ARM.attributes)
 .ARM.attributes
                0x000000000800b1a8       0x1e /usr/local/Cellar/arm-none-eabi-gcc/9-2019-q4-major/gcc/bin/../lib/gcc/arm-none-eabi/9.2.1/thumb/v7e-m+dp/hard/crti.o
 .ARM.attributes
                0x000000000800b1c6       0x32 /usr/local/Cellar/arm-none-eabi-gcc/9-2019-q4-major/gcc/bin/../lib/gcc/arm-none-eabi/9.2.1/thumb/v7e-m+dp/hard/crtbegin.o
 .ARM.attributes
                0x000000000800b1f8       0x32 build/system_stm32h7xx.o
 .ARM.attributes
                0x000000000800b22a       0x32 build/scrubby.o
 .ARM.attributes
                0x000000000800b25c       0x32 build/pan.o
 .ARM.attributes
                0x000000000800b28e       0x32 build/buffer.o
 .ARM.attributes
                0x000000000800b2c0       0x32 build/voice.o
 .ARM.attributes
                0x000000000800b2f2       0x21 build/startup_stm32h750xx.o
 .ARM.attributes
                0x000000000800b313       0x32 ../../../libdaisy/build/libdaisy.a(daisy_pod.o)
 .ARM.attributes
                0x000000000800b345       0x32 ../../../libdaisy/build/libdaisy.a(per_adc.o)
 .ARM.attributes
                0x000000000800b377       0x32 ../../../libdaisy/build/libdaisy.a(hid_audio.o)
 .ARM.attributes
                0x000000000800b3a9       0x32 ../../../libdaisy/build/libdaisy.a(per_sai.o)
 .ARM.attributes
                0x000000000800b3db       0x32 ../../../libdaisy/build/libdaisy.a(per_gpio.o)
 .ARM.attributes
                0x000000000800b40d       0x32 ../../../libdaisy/build/libdaisy.a(per_tim.o)
 .ARM.attributes
                0x000000000800b43f       0x32 ../../../libdaisy/build/libdaisy.a(hid_ctrl.o)
 .ARM.attributes
                0x000000000800b471       0x32 ../../../libdaisy/build/libdaisy.a(hid_encoder.o)
 .ARM.attributes
                0x000000000800b4a3       0x32 ../../../libdaisy/build/libdaisy.a(hid_rgb_led.o)
 .ARM.attributes
                0x000000000800b4d5       0x32 ../../../libdaisy/build/libdaisy.a(hid_switch.o)
 .ARM.attributes
                0x000000000800b507       0x32 ../../../libdaisy/build/libdaisy.a(util_hal_map.o)
 .ARM.attributes
                0x000000000800b539       0x32 ../../../libdaisy/build/libdaisy.a(util_color.o)
 .ARM.attributes
                0x000000000800b56b       0x32 ../../../libdaisy/build/libdaisy.a(stm32h7xx_hal_adc.o)
 .ARM.attributes
                0x000000000800b59d       0x32 ../../../libdaisy/build/libdaisy.a(stm32h7xx_hal_adc_ex.o)
 .ARM.attributes
                0x000000000800b5cf       0x32 ../../../libdaisy/build/libdaisy.a(stm32h7xx_hal_sai.o)
 .ARM.attributes
                0x000000000800b601       0x32 ../../../libdaisy/build/libdaisy.a(stm32h7xx_hal_tim.o)
 .ARM.attributes
                0x000000000800b633       0x32 ../../../libdaisy/build/libdaisy.a(stm32h7xx_hal_tim_ex.o)
 .ARM.attributes
                0x000000000800b665       0x32 ../../../libdaisy/build/libdaisy.a(stm32h7xx_hal_rcc.o)
 .ARM.attributes
                0x000000000800b697       0x32 ../../../libdaisy/build/libdaisy.a(stm32h7xx_hal_rcc_ex.o)
 .ARM.attributes
                0x000000000800b6c9       0x32 ../../../libdaisy/build/libdaisy.a(stm32h7xx_hal_gpio.o)
 .ARM.attributes
                0x000000000800b6fb       0x32 ../../../libdaisy/build/libdaisy.a(stm32h7xx_hal_dma.o)
 .ARM.attributes
                0x000000000800b72d       0x32 ../../../libdaisy/build/libdaisy.a(stm32h7xx_hal.o)
 .ARM.attributes
                0x000000000800b75f       0x32 ../../../libdaisy/build/libdaisy.a(daisy_seed.o)
 .ARM.attributes
                0x000000000800b791       0x32 ../../../libdaisy/build/libdaisy.a(dev_codec_ak4556.o)
 .ARM.attributes
                0x000000000800b7c3       0x32 ../../../libdaisy/build/libdaisy.a(per_qspi.o)
 .ARM.attributes
                0x000000000800b7f5       0x32 ../../../libdaisy/build/libdaisy.a(dev_sdram.o)
 .ARM.attributes
                0x000000000800b827       0x32 ../../../libdaisy/build/libdaisy.a(sys_system.o)
 .ARM.attributes
                0x000000000800b859       0x32 ../../../libdaisy/build/libdaisy.a(per_i2c.o)
 .ARM.attributes
                0x000000000800b88b       0x32 ../../../libdaisy/build/libdaisy.a(hid_led.o)
 .ARM.attributes
                0x000000000800b8bd       0x32 ../../../libdaisy/build/libdaisy.a(sys_dma.o)
 .ARM.attributes
                0x000000000800b8ef       0x32 ../../../libdaisy/build/libdaisy.a(stm32h7xx_hal_cortex.o)
 .ARM.attributes
                0x000000000800b921       0x32 ../../../libdaisy/build/libdaisy.a(stm32h7xx_hal_sdram.o)
 .ARM.attributes
                0x000000000800b953       0x32 ../../../libdaisy/build/libdaisy.a(stm32h7xx_hal_i2c.o)
 .ARM.attributes
                0x000000000800b985       0x32 ../../../libdaisy/build/libdaisy.a(stm32h7xx_hal_qspi.o)
 .ARM.attributes
                0x000000000800b9b7       0x32 ../../../libdaisy/build/libdaisy.a(stm32h7xx_hal_mdma.o)
 .ARM.attributes
                0x000000000800b9e9       0x32 ../../../libdaisy/build/libdaisy.a(stm32h7xx_hal_pwr_ex.o)
 .ARM.attributes
                0x000000000800ba1b       0x32 ../../../libdaisy/build/libdaisy.a(stm32h7xx_ll_fmc.o)
 .ARM.attributes
                0x000000000800ba4d       0x32 ../../../DaisySP/build/libdaisysp.a(phasor.o)
 .ARM.attributes
                0x000000000800ba7f       0x32 /usr/local/Cellar/arm-none-eabi-gcc/9-2019-q4-major/gcc/bin/../lib/gcc/arm-none-eabi/9.2.1/../../../../arm-none-eabi/lib/thumb/v7e-m+dp/hard/libstdc++_nano.a(atexit_arm.o)
 .ARM.attributes
                0x000000000800bab1       0x32 /usr/local/Cellar/arm-none-eabi-gcc/9-2019-q4-major/gcc/bin/../lib/gcc/arm-none-eabi/9.2.1/../../../../arm-none-eabi/lib/thumb/v7e-m+dp/hard/libm.a(lib_a-s_cos.o)
 .ARM.attributes
                0x000000000800bae3       0x32 /usr/local/Cellar/arm-none-eabi-gcc/9-2019-q4-major/gcc/bin/../lib/gcc/arm-none-eabi/9.2.1/../../../../arm-none-eabi/lib/thumb/v7e-m+dp/hard/libm.a(lib_a-sf_pow.o)
 .ARM.attributes
                0x000000000800bb15       0x30 /usr/local/Cellar/arm-none-eabi-gcc/9-2019-q4-major/gcc/bin/../lib/gcc/arm-none-eabi/9.2.1/../../../../arm-none-eabi/lib/thumb/v7e-m+dp/hard/libm.a(lib_a-sf_pow_log2_data.o)
 .ARM.attributes
                0x000000000800bb45       0x32 /usr/local/Cellar/arm-none-eabi-gcc/9-2019-q4-major/gcc/bin/../lib/gcc/arm-none-eabi/9.2.1/../../../../arm-none-eabi/lib/thumb/v7e-m+dp/hard/libm.a(lib_a-sf_tanh.o)
 .ARM.attributes
                0x000000000800bb77       0x32 /usr/local/Cellar/arm-none-eabi-gcc/9-2019-q4-major/gcc/bin/../lib/gcc/arm-none-eabi/9.2.1/../../../../arm-none-eabi/lib/thumb/v7e-m+dp/hard/libm.a(lib_a-sinf.o)
 .ARM.attributes
                0x000000000800bba9       0x32 /usr/local/Cellar/arm-none-eabi-gcc/9-2019-q4-major/gcc/bin/../lib/gcc/arm-none-eabi/9.2.1/../../../../arm-none-eabi/lib/thumb/v7e-m+dp/hard/libm.a(lib_a-e_rem_pio2.o)
 .ARM.attributes
                0x000000000800bbdb       0x32 /usr/local/Cellar/arm-none-eabi-gcc/9-2019-q4-major/gcc/bin/../lib/gcc/arm-none-eabi/9.2.1/../../../../arm-none-eabi/lib/thumb/v7e-m+dp/hard/libm.a(lib_a-k_cos.o)
 .ARM.attributes
                0x000000000800bc0d       0x32 /usr/local/Cellar/arm-none-eabi-gcc/9-2019-q4-major/gcc/bin/../lib/gcc/arm-none-eabi/9.2.1/../../../../arm-none-eabi/lib/thumb/v7e-m+dp/hard/libm.a(lib_a-k_rem_pio2.o)
 .ARM.attributes
                0x000000000800bc3f       0x32 /usr/local/Cellar/arm-none-eabi-gcc/9-2019-q4-major/gcc/bin/../lib/gcc/arm-none-eabi/9.2.1/../../../../arm-none-eabi/lib/thumb/v7e-m+dp/hard/libm.a(lib_a-k_sin.o)
 .ARM.attributes
                0x000000000800bc71       0x32 /usr/local/Cellar/arm-none-eabi-gcc/9-2019-q4-major/gcc/bin/../lib/gcc/arm-none-eabi/9.2.1/../../../../arm-none-eabi/lib/thumb/v7e-m+dp/hard/libm.a(lib_a-math_errf.o)
 .ARM.attributes
                0x000000000800bca3       0x32 /usr/local/Cellar/arm-none-eabi-gcc/9-2019-q4-major/gcc/bin/../lib/gcc/arm-none-eabi/9.2.1/../../../../arm-none-eabi/lib/thumb/v7e-m+dp/hard/libm.a(lib_a-s_fabs.o)
 .ARM.attributes
                0x000000000800bcd5       0x32 /usr/local/Cellar/arm-none-eabi-gcc/9-2019-q4-major/gcc/bin/../lib/gcc/arm-none-eabi/9.2.1/../../../../arm-none-eabi/lib/thumb/v7e-m+dp/hard/libm.a(lib_a-s_floor.o)
 .ARM.attributes
                0x000000000800bd07       0x32 /usr/local/Cellar/arm-none-eabi-gcc/9-2019-q4-major/gcc/bin/../lib/gcc/arm-none-eabi/9.2.1/../../../../arm-none-eabi/lib/thumb/v7e-m+dp/hard/libm.a(lib_a-s_scalbn.o)
 .ARM.attributes
                0x000000000800bd39       0x30 /usr/local/Cellar/arm-none-eabi-gcc/9-2019-q4-major/gcc/bin/../lib/gcc/arm-none-eabi/9.2.1/../../../../arm-none-eabi/lib/thumb/v7e-m+dp/hard/libm.a(lib_a-sf_exp2_data.o)
 .ARM.attributes
                0x000000000800bd69       0x32 /usr/local/Cellar/arm-none-eabi-gcc/9-2019-q4-major/gcc/bin/../lib/gcc/arm-none-eabi/9.2.1/../../../../arm-none-eabi/lib/thumb/v7e-m+dp/hard/libm.a(lib_a-sf_expm1.o)
 .ARM.attributes
                0x000000000800bd9b       0x32 /usr/local/Cellar/arm-none-eabi-gcc/9-2019-q4-major/gcc/bin/../lib/gcc/arm-none-eabi/9.2.1/../../../../arm-none-eabi/lib/thumb/v7e-m+dp/hard/libm.a(lib_a-sf_fabs.o)
 .ARM.attributes
                0x000000000800bdcd       0x30 /usr/local/Cellar/arm-none-eabi-gcc/9-2019-q4-major/gcc/bin/../lib/gcc/arm-none-eabi/9.2.1/../../../../arm-none-eabi/lib/thumb/v7e-m+dp/hard/libm.a(lib_a-sincosf_data.o)
 .ARM.attributes
                0x000000000800bdfd       0x32 /usr/local/Cellar/arm-none-eabi-gcc/9-2019-q4-major/gcc/bin/../lib/gcc/arm-none-eabi/9.2.1/../../../../arm-none-eabi/lib/thumb/v7e-m+dp/hard/libc_nano.a(lib_a-cxa_atexit.o)
 .ARM.attributes
                0x000000000800be2f       0x32 /usr/local/Cellar/arm-none-eabi-gcc/9-2019-q4-major/gcc/bin/../lib/gcc/arm-none-eabi/9.2.1/../../../../arm-none-eabi/lib/thumb/v7e-m+dp/hard/libc_nano.a(lib_a-errno.o)
 .ARM.attributes
                0x000000000800be61       0x30 /usr/local/Cellar/arm-none-eabi-gcc/9-2019-q4-major/gcc/bin/../lib/gcc/arm-none-eabi/9.2.1/../../../../arm-none-eabi/lib/thumb/v7e-m+dp/hard/libc_nano.a(lib_a-impure.o)
 .ARM.attributes
                0x000000000800be91       0x32 /usr/local/Cellar/arm-none-eabi-gcc/9-2019-q4-major/gcc/bin/../lib/gcc/arm-none-eabi/9.2.1/../../../../arm-none-eabi/lib/thumb/v7e-m+dp/hard/libc_nano.a(lib_a-init.o)
 .ARM.attributes
                0x000000000800bec3       0x32 /usr/local/Cellar/arm-none-eabi-gcc/9-2019-q4-major/gcc/bin/../lib/gcc/arm-none-eabi/9.2.1/../../../../arm-none-eabi/lib/thumb/v7e-m+dp/hard/libc_nano.a(lib_a-memcpy-stub.o)
 .ARM.attributes
                0x000000000800bef5       0x32 /usr/local/Cellar/arm-none-eabi-gcc/9-2019-q4-major/gcc/bin/../lib/gcc/arm-none-eabi/9.2.1/../../../../arm-none-eabi/lib/thumb/v7e-m+dp/hard/libc_nano.a(lib_a-memset.o)
 .ARM.attributes
                0x000000000800bf27       0x1e /usr/local/Cellar/arm-none-eabi-gcc/9-2019-q4-major/gcc/bin/../lib/gcc/arm-none-eabi/9.2.1/thumb/v7e-m+dp/hard/libgcc.a(_arm_addsubdf3.o)
 .ARM.attributes
                0x000000000800bf45       0x1e /usr/local/Cellar/arm-none-eabi-gcc/9-2019-q4-major/gcc/bin/../lib/gcc/arm-none-eabi/9.2.1/thumb/v7e-m+dp/hard/crtn.o

.preinit_array  0x000000000800b1a8        0x0
                0x000000000800b1a8                PROVIDE (__preinit_array_start = .)
 *(.preinit_array*)
                0x000000000800b1a8                PROVIDE (__preinit_array_end = .)

.init_array     0x000000000800b1a8        0x8
                0x000000000800b1a8                PROVIDE (__init_array_start = .)
 *(SORT_BY_NAME(.init_array.*))
 *(.init_array*)
 .init_array    0x000000000800b1a8        0x4 /usr/local/Cellar/arm-none-eabi-gcc/9-2019-q4-major/gcc/bin/../lib/gcc/arm-none-eabi/9.2.1/thumb/v7e-m+dp/hard/crtbegin.o
 .init_array    0x000000000800b1ac        0x4 build/scrubby.o
                0x000000000800b1b0                PROVIDE (__init_array_end = .)

.fini_array     0x000000000800b1b0        0x4
                [!provide]                        PROVIDE (__fini_array_start = .)
 *(.fini_array*)
 .fini_array    0x000000000800b1b0        0x4 /usr/local/Cellar/arm-none-eabi-gcc/9-2019-q4-major/gcc/bin/../lib/gcc/arm-none-eabi/9.2.1/thumb/v7e-m+dp/hard/crtbegin.o
 *(SORT_BY_NAME(.fini_array.*))
                [!provide]                        PROVIDE (__fini_array_end = .)

.data           0x0000000024000000       0x7c load address 0x000000000800b1b4
                0x0000000024000000                . = ALIGN (0x4)
                0x0000000024000000                _sdata = .
                [!provide]                        PROVIDE (__data_start__ = _sdata)
 *(.data)
 .data          0x0000000024000000        0x4 /usr/local/Cellar/arm-none-eabi-gcc/9-2019-q4-major/gcc/bin/../lib/gcc/arm-none-eabi/9.2.1/thumb/v7e-m+dp/hard/crtbegin.o
                0x0000000024000000                __dso_handle
 *(.data*)
 .data.SystemCoreClock
                0x0000000024000004        0x4 build/system_stm32h7xx.o
                0x0000000024000004                SystemCoreClock
 .data.SystemD2Clock
                0x0000000024000008        0x4 build/system_stm32h7xx.o
                0x0000000024000008                SystemD2Clock
 .data._ZZN7daisysp6myrandEvE4seed
                0x000000002400000c        0x4 build/voice.o
                0x000000002400000c                daisysp::myrand()::seed
 .data.uwTickFreq
                0x0000000024000010        0x1 ../../../libdaisy/build/libdaisy.a(stm32h7xx_hal.o)
 *fill*         0x0000000024000011        0x3 
 .data.uwTickPrio
                0x0000000024000014        0x4 ../../../libdaisy/build/libdaisy.a(stm32h7xx_hal.o)
 .data._impure_ptr
                0x0000000024000018        0x4 /usr/local/Cellar/arm-none-eabi-gcc/9-2019-q4-major/gcc/bin/../lib/gcc/arm-none-eabi/9.2.1/../../../../arm-none-eabi/lib/thumb/v7e-m+dp/hard/libc_nano.a(lib_a-impure.o)
                0x0000000024000018                _impure_ptr
 .data.impure_data
                0x000000002400001c       0x60 /usr/local/Cellar/arm-none-eabi-gcc/9-2019-q4-major/gcc/bin/../lib/gcc/arm-none-eabi/9.2.1/../../../../arm-none-eabi/lib/thumb/v7e-m+dp/hard/libc_nano.a(lib_a-impure.o)
                0x000000002400007c                . = ALIGN (0x4)
                0x000000002400007c                _edata = .
                [!provide]                        PROVIDE (__data_end__ = _edata)
                0x000000000800b1b4                _sidata = LOADADDR (.data)

.igot.plt       0x000000002400007c        0x0 load address 0x000000000800b230
 .igot.plt      0x000000002400007c        0x0 /usr/local/Cellar/arm-none-eabi-gcc/9-2019-q4-major/gcc/bin/../lib/gcc/arm-none-eabi/9.2.1/thumb/v7e-m+dp/hard/crtbegin.o

.bss            0x0000000024000080    0x41ea4 load address 0x000000000800b230
                0x0000000024000080                . = ALIGN (0x4)
                0x0000000024000080                _sbss = .
                0x0000000024000080                PROVIDE (__bss_start__ = _sbss)
 *(.bss)
 .bss           0x0000000024000080       0x1c /usr/local/Cellar/arm-none-eabi-gcc/9-2019-q4-major/gcc/bin/../lib/gcc/arm-none-eabi/9.2.1/thumb/v7e-m+dp/hard/crtbegin.o
 *(.bss*)
 .bss.Voices    0x000000002400009c    0x401a8 build/scrubby.o
                0x000000002400009c                Voices
 .bss._ZL3pan   0x0000000024040244        0x1 build/scrubby.o
 *fill*         0x0000000024040245        0x3 
 .bss._ZL3pod   0x0000000024040248      0x194 build/scrubby.o
 .bss.active_voice
                0x00000000240403dc        0x4 build/scrubby.o
                0x00000000240403dc                active_voice
 .bss.b         0x00000000240403e0       0x14 build/scrubby.o
                0x00000000240403e0                b
 .bss.voice_amt
                0x00000000240403f4        0x4 build/scrubby.o
                0x00000000240403f4                voice_amt
 .bss._ZL3adc   0x00000000240403f8      0x210 ../../../libdaisy/build/libdaisy.a(per_adc.o)
 .bss.audio_handle
                0x0000000024040608      0x824 ../../../libdaisy/build/libdaisy.a(hid_audio.o)
 .bss.audio_handle_ext
                0x0000000024040e2c      0x824 ../../../libdaisy/build/libdaisy.a(hid_audio.o)
 .bss.using_new_callbacks
                0x0000000024041650        0x1 ../../../libdaisy/build/libdaisy.a(hid_audio.o)
 *fill*         0x0000000024041651        0x3 
 .bss.SAI1_client
                0x0000000024041654        0x4 ../../../libdaisy/build/libdaisy.a(per_sai.o)
 .bss.SAI2_client
                0x0000000024041658        0x4 ../../../libdaisy/build/libdaisy.a(per_sai.o)
 .bss.sai_handle
                0x000000002404165c       0x21 ../../../libdaisy/build/libdaisy.a(per_sai.o)
 *fill*         0x000000002404167d        0x3 
 .bss.tim       0x0000000024041680       0x4c ../../../libdaisy/build/libdaisy.a(per_tim.o)
 .bss.uwTick    0x00000000240416cc        0x4 ../../../libdaisy/build/libdaisy.a(stm32h7xx_hal.o)
 .bss.qspi_handle
                0x00000000240416d0       0x54 ../../../libdaisy/build/libdaisy.a(per_qspi.o)
 .bss.FMC_Initialized
                0x0000000024041724        0x4 ../../../libdaisy/build/libdaisy.a(dev_sdram.o)
 .bss.dsy_sdram
                0x0000000024041728       0x3c ../../../libdaisy/build/libdaisy.a(dev_sdram.o)
 .bss._ZN5daisy9I2CHandle4Impl21queued_dma_transfers_E
                0x0000000024041764       0x3c ../../../libdaisy/build/libdaisy.a(per_i2c.o)
                0x0000000024041764                daisy::I2CHandle::Impl::queued_dma_transfers_
 .bss._ZN5daisy9I2CHandle4Impl22dma_active_peripheral_E
                0x00000000240417a0        0x1 ../../../libdaisy/build/libdaisy.a(per_i2c.o)
                0x00000000240417a0                daisy::I2CHandle::Impl::dma_active_peripheral_
 *fill*         0x00000000240417a1        0x3 
 .bss._ZN5daisyL11i2c_handlesE
                0x00000000240417a4      0x340 ../../../libdaisy/build/libdaisy.a(per_i2c.o)
 *(COMMON)
 COMMON         0x0000000024041ae4      0x440 ../../../libdaisy/build/libdaisy.a(per_sai.o)
                0x0000000024041ae4                hsai_BlockB2
                0x0000000024041b7c                hdma_sai2_b
                0x0000000024041bf4                hsai_BlockA2
                0x0000000024041c8c                hsai_BlockB1
                0x0000000024041d24                hdma_sai1_a
                0x0000000024041d9c                hdma_sai1_b
                0x0000000024041e14                hdma_sai2_a
                0x0000000024041e8c                hsai_BlockA1
                0x0000000024041f24                . = ALIGN (0x4)
                0x0000000024041f24                _ebss = .
                0x0000000024041f24                PROVIDE (__bss_end__ = _ebss)
                [!provide]                        PROVIDE (end = .)

.dtcmram_bss    0x0000000020000000        0x0
                0x0000000020000000                . = ALIGN (0x4)
                0x0000000020000000                _sdtcmram_bss = .
                [!provide]                        PROVIDE (__dtcmram_bss_start__ = _sdtcmram_bss)
 *(.dtcmram_bss)
 *(.dtcmram_bss*)
                0x0000000020000000                . = ALIGN (0x4)
                0x0000000020000000                _edtcmram_bss = .
                [!provide]                        PROVIDE (__dtcmram_bss_end__ = _edtcmram_bss)

.sram1_bss      0x0000000030000000     0x2118
                0x0000000030000000                . = ALIGN (0x4)
                0x0000000030000000                _ssram1_bss = .
                [!provide]                        PROVIDE (__sram1_bss_start__ = _sram1_bss)
 *(.sram1_bss)
 .sram1_bss     0x0000000030000000      0x118 ../../../libdaisy/build/libdaisy.a(per_adc.o)
 .sram1_bss     0x0000000030000118     0x2000 ../../../libdaisy/build/libdaisy.a(hid_audio.o)
 *(.sram1_bss*)
                0x0000000030002118                . = ALIGN (0x4)
                0x0000000030002118                _esram1_bss = .
                [!provide]                        PROVIDE (__sram1_bss_end__ = _esram1_bss)

.sdram_bss      0x00000000c0000000   0x119400
                0x00000000c0000000                . = ALIGN (0x4)
                0x00000000c0000000                _ssdram_bss = .
                [!provide]                        PROVIDE (__sdram_bss_start = _ssdram_bss)
 *(.sdram_bss)
 .sdram_bss     0x00000000c0000000   0x119400 build/scrubby.o
                0x00000000c0000000                swap_buf
                0x00000000c008ca00                buf
 *(.sdram_bss*)
                0x00000000c0119400                . = ALIGN (0x4)
                0x00000000c0119400                _esdram_bss = .
                [!provide]                        PROVIDE (__sdram_bss_end = _esdram_bss)

.qspiflash_text
                0x0000000090000000        0x0
                0x0000000090000000                . = ALIGN (0x4)
                0x0000000090000000                _sqspiflash_text = .
                [!provide]                        PROVIDE (__qspiflash_text_start = _sqspiflash_text)
 *(.qspiflash_text)
 *(.qspiflash_text*)
                0x0000000090000000                . = ALIGN (0x4)
                0x0000000090000000                _eqspiflash_text = .
                [!provide]                        PROVIDE (__qspiflash_text_end = _eqspiflash_text)

.qspiflash_data
                0x0000000090000000        0x0
                0x0000000090000000                . = ALIGN (0x4)
                0x0000000090000000                _sqspiflash_data = .
                [!provide]                        PROVIDE (__qspiflash_data_start = _sqspiflash_data)
 *(.qspiflash_data)
 *(.qspiflash_data*)
                0x0000000090000000                . = ALIGN (0x4)
                0x0000000090000000                _eqspiflash_data = .
                [!provide]                        PROVIDE (__qspiflash_data_end = _eqspiflash_data)

.qspiflash_bss  0x0000000090000000        0x0
                0x0000000090000000                . = ALIGN (0x4)
                0x0000000090000000                _sqspiflash_bss = .
                [!provide]                        PROVIDE (__qspiflash_bss_start = _sqspiflash_bss)
 *(.qspiflash_bss)
 *(.qspiflash_bss*)
                0x0000000090000000                . = ALIGN (0x4)
                0x0000000090000000                _eqspiflash_bss = .
                [!provide]                        PROVIDE (__qspiflash_bss_end = _eqspiflash_bss)

.heap           0x0000000024041f24        0x0
                0x0000000024041f24                . = ALIGN (0x4)
                [!provide]                        PROVIDE (__heap_start__ = .)
 *(.heap)
                0x0000000024041f24                . = ALIGN (0x4)
                [!provide]                        PROVIDE (__heap_end__ = .)

.reserved_for_stack
                0x0000000024041f24        0x0
                0x0000000024041f24                . = ALIGN (0x4)
                [!provide]                        PROVIDE (__reserved_for_stack_start__ = .)
 *(.reserved_for_stack)
                0x0000000024041f24                . = ALIGN (0x4)
                [!provide]                        PROVIDE (__reserved_for_stack_end__ = .)

DISCARD
 libc.a(*)
 libm.a(*)
 libgcc.a(*)
OUTPUT(build/ex_scrubby.elf elf32-littlearm)

.comment        0x0000000000000000       0x79
 .comment       0x0000000000000000       0x79 build/system_stm32h7xx.o
                                         0x7a (size before relaxing)
 .comment       0x0000000000000079       0x7a build/scrubby.o
 .comment       0x0000000000000079       0x7a build/pan.o
 .comment       0x0000000000000079       0x7a build/buffer.o
 .comment       0x0000000000000079       0x7a build/voice.o
 .comment       0x0000000000000079       0x7a ../../../libdaisy/build/libdaisy.a(daisy_pod.o)
 .comment       0x0000000000000079       0x7a ../../../libdaisy/build/libdaisy.a(per_adc.o)
 .comment       0x0000000000000079       0x7a ../../../libdaisy/build/libdaisy.a(hid_audio.o)
 .comment       0x0000000000000079       0x7a ../../../libdaisy/build/libdaisy.a(per_sai.o)
 .comment       0x0000000000000079       0x7a ../../../libdaisy/build/libdaisy.a(per_gpio.o)
 .comment       0x0000000000000079       0x7a ../../../libdaisy/build/libdaisy.a(per_tim.o)
 .comment       0x0000000000000079       0x7a ../../../libdaisy/build/libdaisy.a(hid_ctrl.o)
 .comment       0x0000000000000079       0x7a ../../../libdaisy/build/libdaisy.a(hid_encoder.o)
 .comment       0x0000000000000079       0x7a ../../../libdaisy/build/libdaisy.a(hid_rgb_led.o)
 .comment       0x0000000000000079       0x7a ../../../libdaisy/build/libdaisy.a(hid_switch.o)
 .comment       0x0000000000000079       0x7a ../../../libdaisy/build/libdaisy.a(util_hal_map.o)
 .comment       0x0000000000000079       0x7a ../../../libdaisy/build/libdaisy.a(util_color.o)
 .comment       0x0000000000000079       0x7a ../../../libdaisy/build/libdaisy.a(stm32h7xx_hal_adc.o)
 .comment       0x0000000000000079       0x7a ../../../libdaisy/build/libdaisy.a(stm32h7xx_hal_adc_ex.o)
 .comment       0x0000000000000079       0x7a ../../../libdaisy/build/libdaisy.a(stm32h7xx_hal_sai.o)
 .comment       0x0000000000000079       0x7a ../../../libdaisy/build/libdaisy.a(stm32h7xx_hal_tim.o)
 .comment       0x0000000000000079       0x7a ../../../libdaisy/build/libdaisy.a(stm32h7xx_hal_tim_ex.o)
 .comment       0x0000000000000079       0x7a ../../../libdaisy/build/libdaisy.a(stm32h7xx_hal_rcc.o)
 .comment       0x0000000000000079       0x7a ../../../libdaisy/build/libdaisy.a(stm32h7xx_hal_rcc_ex.o)
 .comment       0x0000000000000079       0x7a ../../../libdaisy/build/libdaisy.a(stm32h7xx_hal_gpio.o)
 .comment       0x0000000000000079       0x7a ../../../libdaisy/build/libdaisy.a(stm32h7xx_hal_dma.o)
 .comment       0x0000000000000079       0x7a ../../../libdaisy/build/libdaisy.a(stm32h7xx_hal.o)
 .comment       0x0000000000000079       0x7a ../../../libdaisy/build/libdaisy.a(daisy_seed.o)
 .comment       0x0000000000000079       0x7a ../../../libdaisy/build/libdaisy.a(dev_codec_ak4556.o)
 .comment       0x0000000000000079       0x7a ../../../libdaisy/build/libdaisy.a(per_qspi.o)
 .comment       0x0000000000000079       0x7a ../../../libdaisy/build/libdaisy.a(dev_sdram.o)
 .comment       0x0000000000000079       0x7a ../../../libdaisy/build/libdaisy.a(sys_system.o)
 .comment       0x0000000000000079       0x7a ../../../libdaisy/build/libdaisy.a(per_i2c.o)
 .comment       0x0000000000000079       0x7a ../../../libdaisy/build/libdaisy.a(hid_led.o)
 .comment       0x0000000000000079       0x7a ../../../libdaisy/build/libdaisy.a(sys_dma.o)
 .comment       0x0000000000000079       0x7a ../../../libdaisy/build/libdaisy.a(stm32h7xx_hal_cortex.o)
 .comment       0x0000000000000079       0x7a ../../../libdaisy/build/libdaisy.a(stm32h7xx_hal_sdram.o)
 .comment       0x0000000000000079       0x7a ../../../libdaisy/build/libdaisy.a(stm32h7xx_hal_i2c.o)
 .comment       0x0000000000000079       0x7a ../../../libdaisy/build/libdaisy.a(stm32h7xx_hal_qspi.o)
 .comment       0x0000000000000079       0x7a ../../../libdaisy/build/libdaisy.a(stm32h7xx_hal_mdma.o)
 .comment       0x0000000000000079       0x7a ../../../libdaisy/build/libdaisy.a(stm32h7xx_hal_pwr_ex.o)
 .comment       0x0000000000000079       0x7a ../../../libdaisy/build/libdaisy.a(stm32h7xx_ll_fmc.o)
 .comment       0x0000000000000079       0x7a ../../../DaisySP/build/libdaisysp.a(phasor.o)

.debug_frame    0x0000000000000000      0x59c
 .debug_frame   0x0000000000000000       0x20 /usr/local/Cellar/arm-none-eabi-gcc/9-2019-q4-major/gcc/bin/../lib/gcc/arm-none-eabi/9.2.1/../../../../arm-none-eabi/lib/thumb/v7e-m+dp/hard/libstdc++_nano.a(atexit_arm.o)
 .debug_frame   0x0000000000000020       0x34 /usr/local/Cellar/arm-none-eabi-gcc/9-2019-q4-major/gcc/bin/../lib/gcc/arm-none-eabi/9.2.1/../../../../arm-none-eabi/lib/thumb/v7e-m+dp/hard/libm.a(lib_a-s_cos.o)
 .debug_frame   0x0000000000000054       0xe0 /usr/local/Cellar/arm-none-eabi-gcc/9-2019-q4-major/gcc/bin/../lib/gcc/arm-none-eabi/9.2.1/../../../../arm-none-eabi/lib/thumb/v7e-m+dp/hard/libm.a(lib_a-sf_pow.o)
 .debug_frame   0x0000000000000134       0x3c /usr/local/Cellar/arm-none-eabi-gcc/9-2019-q4-major/gcc/bin/../lib/gcc/arm-none-eabi/9.2.1/../../../../arm-none-eabi/lib/thumb/v7e-m+dp/hard/libm.a(lib_a-sf_tanh.o)
 .debug_frame   0x0000000000000170       0x54 /usr/local/Cellar/arm-none-eabi-gcc/9-2019-q4-major/gcc/bin/../lib/gcc/arm-none-eabi/9.2.1/../../../../arm-none-eabi/lib/thumb/v7e-m+dp/hard/libm.a(lib_a-sinf.o)
 .debug_frame   0x00000000000001c4       0x40 /usr/local/Cellar/arm-none-eabi-gcc/9-2019-q4-major/gcc/bin/../lib/gcc/arm-none-eabi/9.2.1/../../../../arm-none-eabi/lib/thumb/v7e-m+dp/hard/libm.a(lib_a-e_rem_pio2.o)
 .debug_frame   0x0000000000000204       0x20 /usr/local/Cellar/arm-none-eabi-gcc/9-2019-q4-major/gcc/bin/../lib/gcc/arm-none-eabi/9.2.1/../../../../arm-none-eabi/lib/thumb/v7e-m+dp/hard/libm.a(lib_a-k_cos.o)
 .debug_frame   0x0000000000000224       0x70 /usr/local/Cellar/arm-none-eabi-gcc/9-2019-q4-major/gcc/bin/../lib/gcc/arm-none-eabi/9.2.1/../../../../arm-none-eabi/lib/thumb/v7e-m+dp/hard/libm.a(lib_a-k_rem_pio2.o)
 .debug_frame   0x0000000000000294       0x20 /usr/local/Cellar/arm-none-eabi-gcc/9-2019-q4-major/gcc/bin/../lib/gcc/arm-none-eabi/9.2.1/../../../../arm-none-eabi/lib/thumb/v7e-m+dp/hard/libm.a(lib_a-k_sin.o)